

================================================================
== Vitis HLS Report for 'Block_entry3_proc'
================================================================
* Date:           Mon May  6 14:33:44 2024

* Version:        2023.2 (Build 4023990 on Oct 11 2023)
* Project:        prj
* Solution:       sol (Vivado IP Flow Target)
* Product family: virtex7
* Target device:  xc7vx485t-ffg1761-2


================================================================
== Performance Estimates
================================================================
+ Timing: 
    * Summary: 
    +--------+---------+----------+------------+
    |  Clock |  Target | Estimated| Uncertainty|
    +--------+---------+----------+------------+
    |ap_clk  |  6.74 ns|      0 ns|     1.82 ns|
    +--------+---------+----------+------------+

+ Latency: 
    * Summary: 
    +---------+---------+----------+----------+-----+-----+---------+
    |  Latency (cycles) |  Latency (absolute) |  Interval | Pipeline|
    |   min   |   max   |    min   |    max   | min | max |   Type  |
    +---------+---------+----------+----------+-----+-----+---------+
    |        0|        0|      0 ns|      0 ns|    0|    0|       no|
    +---------+---------+----------+----------+-----+-----+---------+

    + Detail: 
        * Instance: 
        N/A

        * Loop: 
        N/A

============================================================
+ Verbose Summary: Synthesis Manager
============================================================
InlineROM: 1
ExposeGlobal: 0
============================================================
+ Verbose Summary: CDFG Model
============================================================
IsTopModel: 0
ResetActiveHigh: 1
IsCombinational: 2
IsDatapathOnly: 0
HasWiredReturn: 1
HasMFsm: 0
HasVarLatency: 0
IsPipeline: 0
IsRtlPipelined: 0
IsInstanceOverlapped: 0
IsDontTouch: 0
HasImplIP: 0
IsGatedGlobalClock: 0


============================================================
+ Verbose Summary: Schedule
============================================================
* Number of FSM states : 1
* Pipeline : 0
* Dataflow Pipeline: 0

* FSM state transitions: 
1 --> 

* FSM state operations: 

State 1 <SV = 0> <Delay = 0.00>
ST_1 : Operation 2 [1/1] (0.00ns)   --->   "%specstablecontent_ln0 = specstablecontent void @_ssdm_op_SpecStableContent, i12 %ClipMax_2, void "   --->   Operation 2 'specstablecontent' 'specstablecontent_ln0' <Predicate = true> <Delay = 0.00>
ST_1 : Operation 3 [1/1] (0.00ns)   --->   "%specstablecontent_ln0 = specstablecontent void @_ssdm_op_SpecStableContent, i12 %ClampMin_2, void "   --->   Operation 3 'specstablecontent' 'specstablecontent_ln0' <Predicate = true> <Delay = 0.00>
ST_1 : Operation 4 [1/1] (0.00ns)   --->   "%specstablecontent_ln0 = specstablecontent void @_ssdm_op_SpecStableContent, i14 %BOffset_2, void "   --->   Operation 4 'specstablecontent' 'specstablecontent_ln0' <Predicate = true> <Delay = 0.00>
ST_1 : Operation 5 [1/1] (0.00ns)   --->   "%specstablecontent_ln0 = specstablecontent void @_ssdm_op_SpecStableContent, i14 %GOffset_2, void "   --->   Operation 5 'specstablecontent' 'specstablecontent_ln0' <Predicate = true> <Delay = 0.00>
ST_1 : Operation 6 [1/1] (0.00ns)   --->   "%specstablecontent_ln0 = specstablecontent void @_ssdm_op_SpecStableContent, i14 %ROffset_2, void "   --->   Operation 6 'specstablecontent' 'specstablecontent_ln0' <Predicate = true> <Delay = 0.00>
ST_1 : Operation 7 [1/1] (0.00ns)   --->   "%specstablecontent_ln0 = specstablecontent void @_ssdm_op_SpecStableContent, i16 %K33_2, void "   --->   Operation 7 'specstablecontent' 'specstablecontent_ln0' <Predicate = true> <Delay = 0.00>
ST_1 : Operation 8 [1/1] (0.00ns)   --->   "%specstablecontent_ln0 = specstablecontent void @_ssdm_op_SpecStableContent, i16 %K32_2, void "   --->   Operation 8 'specstablecontent' 'specstablecontent_ln0' <Predicate = true> <Delay = 0.00>
ST_1 : Operation 9 [1/1] (0.00ns)   --->   "%specstablecontent_ln0 = specstablecontent void @_ssdm_op_SpecStableContent, i16 %K31_2, void "   --->   Operation 9 'specstablecontent' 'specstablecontent_ln0' <Predicate = true> <Delay = 0.00>
ST_1 : Operation 10 [1/1] (0.00ns)   --->   "%specstablecontent_ln0 = specstablecontent void @_ssdm_op_SpecStableContent, i16 %K23_2, void "   --->   Operation 10 'specstablecontent' 'specstablecontent_ln0' <Predicate = true> <Delay = 0.00>
ST_1 : Operation 11 [1/1] (0.00ns)   --->   "%specstablecontent_ln0 = specstablecontent void @_ssdm_op_SpecStableContent, i16 %K22_2, void "   --->   Operation 11 'specstablecontent' 'specstablecontent_ln0' <Predicate = true> <Delay = 0.00>
ST_1 : Operation 12 [1/1] (0.00ns)   --->   "%specstablecontent_ln0 = specstablecontent void @_ssdm_op_SpecStableContent, i16 %K21_2, void "   --->   Operation 12 'specstablecontent' 'specstablecontent_ln0' <Predicate = true> <Delay = 0.00>
ST_1 : Operation 13 [1/1] (0.00ns)   --->   "%specstablecontent_ln0 = specstablecontent void @_ssdm_op_SpecStableContent, i16 %K13_2, void "   --->   Operation 13 'specstablecontent' 'specstablecontent_ln0' <Predicate = true> <Delay = 0.00>
ST_1 : Operation 14 [1/1] (0.00ns)   --->   "%specstablecontent_ln0 = specstablecontent void @_ssdm_op_SpecStableContent, i16 %K12_2, void "   --->   Operation 14 'specstablecontent' 'specstablecontent_ln0' <Predicate = true> <Delay = 0.00>
ST_1 : Operation 15 [1/1] (0.00ns)   --->   "%specstablecontent_ln0 = specstablecontent void @_ssdm_op_SpecStableContent, i16 %K11_2, void "   --->   Operation 15 'specstablecontent' 'specstablecontent_ln0' <Predicate = true> <Delay = 0.00>
ST_1 : Operation 16 [1/1] (0.00ns)   --->   "%specstablecontent_ln0 = specstablecontent void @_ssdm_op_SpecStableContent, i12 %ClipMax, void "   --->   Operation 16 'specstablecontent' 'specstablecontent_ln0' <Predicate = true> <Delay = 0.00>
ST_1 : Operation 17 [1/1] (0.00ns)   --->   "%specstablecontent_ln0 = specstablecontent void @_ssdm_op_SpecStableContent, i12 %ClampMin, void "   --->   Operation 17 'specstablecontent' 'specstablecontent_ln0' <Predicate = true> <Delay = 0.00>
ST_1 : Operation 18 [1/1] (0.00ns)   --->   "%specstablecontent_ln0 = specstablecontent void @_ssdm_op_SpecStableContent, i14 %BOffset, void "   --->   Operation 18 'specstablecontent' 'specstablecontent_ln0' <Predicate = true> <Delay = 0.00>
ST_1 : Operation 19 [1/1] (0.00ns)   --->   "%specstablecontent_ln0 = specstablecontent void @_ssdm_op_SpecStableContent, i14 %GOffset, void "   --->   Operation 19 'specstablecontent' 'specstablecontent_ln0' <Predicate = true> <Delay = 0.00>
ST_1 : Operation 20 [1/1] (0.00ns)   --->   "%specstablecontent_ln0 = specstablecontent void @_ssdm_op_SpecStableContent, i14 %ROffset, void "   --->   Operation 20 'specstablecontent' 'specstablecontent_ln0' <Predicate = true> <Delay = 0.00>
ST_1 : Operation 21 [1/1] (0.00ns)   --->   "%specstablecontent_ln0 = specstablecontent void @_ssdm_op_SpecStableContent, i16 %K33, void "   --->   Operation 21 'specstablecontent' 'specstablecontent_ln0' <Predicate = true> <Delay = 0.00>
ST_1 : Operation 22 [1/1] (0.00ns)   --->   "%specstablecontent_ln0 = specstablecontent void @_ssdm_op_SpecStableContent, i16 %K32, void "   --->   Operation 22 'specstablecontent' 'specstablecontent_ln0' <Predicate = true> <Delay = 0.00>
ST_1 : Operation 23 [1/1] (0.00ns)   --->   "%specstablecontent_ln0 = specstablecontent void @_ssdm_op_SpecStableContent, i16 %K31, void "   --->   Operation 23 'specstablecontent' 'specstablecontent_ln0' <Predicate = true> <Delay = 0.00>
ST_1 : Operation 24 [1/1] (0.00ns)   --->   "%specstablecontent_ln0 = specstablecontent void @_ssdm_op_SpecStableContent, i16 %K23, void "   --->   Operation 24 'specstablecontent' 'specstablecontent_ln0' <Predicate = true> <Delay = 0.00>
ST_1 : Operation 25 [1/1] (0.00ns)   --->   "%specstablecontent_ln0 = specstablecontent void @_ssdm_op_SpecStableContent, i16 %K22, void "   --->   Operation 25 'specstablecontent' 'specstablecontent_ln0' <Predicate = true> <Delay = 0.00>
ST_1 : Operation 26 [1/1] (0.00ns)   --->   "%specstablecontent_ln0 = specstablecontent void @_ssdm_op_SpecStableContent, i16 %K21, void "   --->   Operation 26 'specstablecontent' 'specstablecontent_ln0' <Predicate = true> <Delay = 0.00>
ST_1 : Operation 27 [1/1] (0.00ns)   --->   "%specstablecontent_ln0 = specstablecontent void @_ssdm_op_SpecStableContent, i16 %K13, void "   --->   Operation 27 'specstablecontent' 'specstablecontent_ln0' <Predicate = true> <Delay = 0.00>
ST_1 : Operation 28 [1/1] (0.00ns)   --->   "%specstablecontent_ln0 = specstablecontent void @_ssdm_op_SpecStableContent, i16 %K12, void "   --->   Operation 28 'specstablecontent' 'specstablecontent_ln0' <Predicate = true> <Delay = 0.00>
ST_1 : Operation 29 [1/1] (0.00ns)   --->   "%specstablecontent_ln0 = specstablecontent void @_ssdm_op_SpecStableContent, i16 %K11, void "   --->   Operation 29 'specstablecontent' 'specstablecontent_ln0' <Predicate = true> <Delay = 0.00>
ST_1 : Operation 30 [1/1] (0.00ns)   --->   "%specstablecontent_ln0 = specstablecontent void @_ssdm_op_SpecStableContent, i16 %RowEnd, void "   --->   Operation 30 'specstablecontent' 'specstablecontent_ln0' <Predicate = true> <Delay = 0.00>
ST_1 : Operation 31 [1/1] (0.00ns)   --->   "%specstablecontent_ln0 = specstablecontent void @_ssdm_op_SpecStableContent, i16 %RowStart, void "   --->   Operation 31 'specstablecontent' 'specstablecontent_ln0' <Predicate = true> <Delay = 0.00>
ST_1 : Operation 32 [1/1] (0.00ns)   --->   "%specstablecontent_ln0 = specstablecontent void @_ssdm_op_SpecStableContent, i16 %ColEnd, void "   --->   Operation 32 'specstablecontent' 'specstablecontent_ln0' <Predicate = true> <Delay = 0.00>
ST_1 : Operation 33 [1/1] (0.00ns)   --->   "%specstablecontent_ln0 = specstablecontent void @_ssdm_op_SpecStableContent, i16 %ColStart, void "   --->   Operation 33 'specstablecontent' 'specstablecontent_ln0' <Predicate = true> <Delay = 0.00>
ST_1 : Operation 34 [1/1] (0.00ns)   --->   "%specstablecontent_ln0 = specstablecontent void @_ssdm_op_SpecStableContent, i16 %height, void "   --->   Operation 34 'specstablecontent' 'specstablecontent_ln0' <Predicate = true> <Delay = 0.00>
ST_1 : Operation 35 [1/1] (0.00ns)   --->   "%specstablecontent_ln0 = specstablecontent void @_ssdm_op_SpecStableContent, i16 %width, void "   --->   Operation 35 'specstablecontent' 'specstablecontent_ln0' <Predicate = true> <Delay = 0.00>
ST_1 : Operation 36 [1/1] (0.00ns)   --->   "%specstablecontent_ln0 = specstablecontent void @_ssdm_op_SpecStableContent, i8 %OutVideoFormat, void "   --->   Operation 36 'specstablecontent' 'specstablecontent_ln0' <Predicate = true> <Delay = 0.00>
ST_1 : Operation 37 [1/1] (0.00ns)   --->   "%specstablecontent_ln0 = specstablecontent void @_ssdm_op_SpecStableContent, i8 %InVideoFormat, void "   --->   Operation 37 'specstablecontent' 'specstablecontent_ln0' <Predicate = true> <Delay = 0.00>
ST_1 : Operation 38 [1/1] (0.00ns)   --->   "%HwReg_InVideoFormat = read i8 @_ssdm_op_Read.ap_auto.i8P0A, i8 %InVideoFormat" [C:/Vulcan/Design_Tool/Board_Demo/VC707/hdmi_output/hdmi_output.runs/bd_d92b_csc_0_synth_1/prj/sol/.autopilot/db/v_csc.cpp:369]   --->   Operation 38 'read' 'HwReg_InVideoFormat' <Predicate = true> <Delay = 0.00>
ST_1 : Operation 39 [1/1] (0.00ns)   --->   "%HwReg_OutVideoFormat = read i8 @_ssdm_op_Read.ap_auto.i8P0A, i8 %OutVideoFormat" [C:/Vulcan/Design_Tool/Board_Demo/VC707/hdmi_output/hdmi_output.runs/bd_d92b_csc_0_synth_1/prj/sol/.autopilot/db/v_csc.cpp:370]   --->   Operation 39 'read' 'HwReg_OutVideoFormat' <Predicate = true> <Delay = 0.00>
ST_1 : Operation 40 [1/1] (0.00ns)   --->   "%HwReg_width = read i16 @_ssdm_op_Read.ap_auto.i16P0A, i16 %width" [C:/Vulcan/Design_Tool/Board_Demo/VC707/hdmi_output/hdmi_output.runs/bd_d92b_csc_0_synth_1/prj/sol/.autopilot/db/v_csc.cpp:371]   --->   Operation 40 'read' 'HwReg_width' <Predicate = true> <Delay = 0.00>
ST_1 : Operation 41 [1/1] (0.00ns)   --->   "%HwReg_width_1 = trunc i16 %HwReg_width" [C:/Vulcan/Design_Tool/Board_Demo/VC707/hdmi_output/hdmi_output.runs/bd_d92b_csc_0_synth_1/prj/sol/.autopilot/db/v_csc.cpp:371]   --->   Operation 41 'trunc' 'HwReg_width_1' <Predicate = true> <Delay = 0.00>
ST_1 : Operation 42 [1/1] (0.00ns)   --->   "%HwReg_height = read i16 @_ssdm_op_Read.ap_auto.i16P0A, i16 %height" [C:/Vulcan/Design_Tool/Board_Demo/VC707/hdmi_output/hdmi_output.runs/bd_d92b_csc_0_synth_1/prj/sol/.autopilot/db/v_csc.cpp:372]   --->   Operation 42 'read' 'HwReg_height' <Predicate = true> <Delay = 0.00>
ST_1 : Operation 43 [1/1] (0.00ns)   --->   "%HwReg_height_1 = trunc i16 %HwReg_height" [C:/Vulcan/Design_Tool/Board_Demo/VC707/hdmi_output/hdmi_output.runs/bd_d92b_csc_0_synth_1/prj/sol/.autopilot/db/v_csc.cpp:372]   --->   Operation 43 'trunc' 'HwReg_height_1' <Predicate = true> <Delay = 0.00>
ST_1 : Operation 44 [1/1] (0.00ns)   --->   "%HwReg_ColStart = read i16 @_ssdm_op_Read.ap_auto.i16P0A, i16 %ColStart" [C:/Vulcan/Design_Tool/Board_Demo/VC707/hdmi_output/hdmi_output.runs/bd_d92b_csc_0_synth_1/prj/sol/.autopilot/db/v_csc.cpp:375]   --->   Operation 44 'read' 'HwReg_ColStart' <Predicate = true> <Delay = 0.00>
ST_1 : Operation 45 [1/1] (0.00ns)   --->   "%HwReg_ColEnd = read i16 @_ssdm_op_Read.ap_auto.i16P0A, i16 %ColEnd" [C:/Vulcan/Design_Tool/Board_Demo/VC707/hdmi_output/hdmi_output.runs/bd_d92b_csc_0_synth_1/prj/sol/.autopilot/db/v_csc.cpp:376]   --->   Operation 45 'read' 'HwReg_ColEnd' <Predicate = true> <Delay = 0.00>
ST_1 : Operation 46 [1/1] (0.00ns)   --->   "%HwReg_RowStart = read i16 @_ssdm_op_Read.ap_auto.i16P0A, i16 %RowStart" [C:/Vulcan/Design_Tool/Board_Demo/VC707/hdmi_output/hdmi_output.runs/bd_d92b_csc_0_synth_1/prj/sol/.autopilot/db/v_csc.cpp:377]   --->   Operation 46 'read' 'HwReg_RowStart' <Predicate = true> <Delay = 0.00>
ST_1 : Operation 47 [1/1] (0.00ns)   --->   "%HwReg_RowEnd = read i16 @_ssdm_op_Read.ap_auto.i16P0A, i16 %RowEnd" [C:/Vulcan/Design_Tool/Board_Demo/VC707/hdmi_output/hdmi_output.runs/bd_d92b_csc_0_synth_1/prj/sol/.autopilot/db/v_csc.cpp:378]   --->   Operation 47 'read' 'HwReg_RowEnd' <Predicate = true> <Delay = 0.00>
ST_1 : Operation 48 [1/1] (0.00ns)   --->   "%HwReg_K11 = read i16 @_ssdm_op_Read.ap_auto.i16P0A, i16 %K11" [C:/Vulcan/Design_Tool/Board_Demo/VC707/hdmi_output/hdmi_output.runs/bd_d92b_csc_0_synth_1/prj/sol/.autopilot/db/v_csc.cpp:381]   --->   Operation 48 'read' 'HwReg_K11' <Predicate = true> <Delay = 0.00>
ST_1 : Operation 49 [1/1] (0.00ns)   --->   "%HwReg_K12 = read i16 @_ssdm_op_Read.ap_auto.i16P0A, i16 %K12" [C:/Vulcan/Design_Tool/Board_Demo/VC707/hdmi_output/hdmi_output.runs/bd_d92b_csc_0_synth_1/prj/sol/.autopilot/db/v_csc.cpp:382]   --->   Operation 49 'read' 'HwReg_K12' <Predicate = true> <Delay = 0.00>
ST_1 : Operation 50 [1/1] (0.00ns)   --->   "%HwReg_K13 = read i16 @_ssdm_op_Read.ap_auto.i16P0A, i16 %K13" [C:/Vulcan/Design_Tool/Board_Demo/VC707/hdmi_output/hdmi_output.runs/bd_d92b_csc_0_synth_1/prj/sol/.autopilot/db/v_csc.cpp:383]   --->   Operation 50 'read' 'HwReg_K13' <Predicate = true> <Delay = 0.00>
ST_1 : Operation 51 [1/1] (0.00ns)   --->   "%HwReg_K21 = read i16 @_ssdm_op_Read.ap_auto.i16P0A, i16 %K21" [C:/Vulcan/Design_Tool/Board_Demo/VC707/hdmi_output/hdmi_output.runs/bd_d92b_csc_0_synth_1/prj/sol/.autopilot/db/v_csc.cpp:384]   --->   Operation 51 'read' 'HwReg_K21' <Predicate = true> <Delay = 0.00>
ST_1 : Operation 52 [1/1] (0.00ns)   --->   "%HwReg_K22 = read i16 @_ssdm_op_Read.ap_auto.i16P0A, i16 %K22" [C:/Vulcan/Design_Tool/Board_Demo/VC707/hdmi_output/hdmi_output.runs/bd_d92b_csc_0_synth_1/prj/sol/.autopilot/db/v_csc.cpp:385]   --->   Operation 52 'read' 'HwReg_K22' <Predicate = true> <Delay = 0.00>
ST_1 : Operation 53 [1/1] (0.00ns)   --->   "%HwReg_K23 = read i16 @_ssdm_op_Read.ap_auto.i16P0A, i16 %K23" [C:/Vulcan/Design_Tool/Board_Demo/VC707/hdmi_output/hdmi_output.runs/bd_d92b_csc_0_synth_1/prj/sol/.autopilot/db/v_csc.cpp:386]   --->   Operation 53 'read' 'HwReg_K23' <Predicate = true> <Delay = 0.00>
ST_1 : Operation 54 [1/1] (0.00ns)   --->   "%HwReg_K31 = read i16 @_ssdm_op_Read.ap_auto.i16P0A, i16 %K31" [C:/Vulcan/Design_Tool/Board_Demo/VC707/hdmi_output/hdmi_output.runs/bd_d92b_csc_0_synth_1/prj/sol/.autopilot/db/v_csc.cpp:387]   --->   Operation 54 'read' 'HwReg_K31' <Predicate = true> <Delay = 0.00>
ST_1 : Operation 55 [1/1] (0.00ns)   --->   "%HwReg_K32 = read i16 @_ssdm_op_Read.ap_auto.i16P0A, i16 %K32" [C:/Vulcan/Design_Tool/Board_Demo/VC707/hdmi_output/hdmi_output.runs/bd_d92b_csc_0_synth_1/prj/sol/.autopilot/db/v_csc.cpp:388]   --->   Operation 55 'read' 'HwReg_K32' <Predicate = true> <Delay = 0.00>
ST_1 : Operation 56 [1/1] (0.00ns)   --->   "%HwReg_K33 = read i16 @_ssdm_op_Read.ap_auto.i16P0A, i16 %K33" [C:/Vulcan/Design_Tool/Board_Demo/VC707/hdmi_output/hdmi_output.runs/bd_d92b_csc_0_synth_1/prj/sol/.autopilot/db/v_csc.cpp:389]   --->   Operation 56 'read' 'HwReg_K33' <Predicate = true> <Delay = 0.00>
ST_1 : Operation 57 [1/1] (0.00ns)   --->   "%HwReg_ROffset = read i14 @_ssdm_op_Read.ap_auto.i14P0A, i14 %ROffset" [C:/Vulcan/Design_Tool/Board_Demo/VC707/hdmi_output/hdmi_output.runs/bd_d92b_csc_0_synth_1/prj/sol/.autopilot/db/v_csc.cpp:390]   --->   Operation 57 'read' 'HwReg_ROffset' <Predicate = true> <Delay = 0.00>
ST_1 : Operation 58 [1/1] (0.00ns)   --->   "%HwReg_GOffset = read i14 @_ssdm_op_Read.ap_auto.i14P0A, i14 %GOffset" [C:/Vulcan/Design_Tool/Board_Demo/VC707/hdmi_output/hdmi_output.runs/bd_d92b_csc_0_synth_1/prj/sol/.autopilot/db/v_csc.cpp:391]   --->   Operation 58 'read' 'HwReg_GOffset' <Predicate = true> <Delay = 0.00>
ST_1 : Operation 59 [1/1] (0.00ns)   --->   "%HwReg_BOffset = read i14 @_ssdm_op_Read.ap_auto.i14P0A, i14 %BOffset" [C:/Vulcan/Design_Tool/Board_Demo/VC707/hdmi_output/hdmi_output.runs/bd_d92b_csc_0_synth_1/prj/sol/.autopilot/db/v_csc.cpp:392]   --->   Operation 59 'read' 'HwReg_BOffset' <Predicate = true> <Delay = 0.00>
ST_1 : Operation 60 [1/1] (0.00ns)   --->   "%HwReg_ClampMin = read i12 @_ssdm_op_Read.ap_auto.i12P0A, i12 %ClampMin" [C:/Vulcan/Design_Tool/Board_Demo/VC707/hdmi_output/hdmi_output.runs/bd_d92b_csc_0_synth_1/prj/sol/.autopilot/db/v_csc.cpp:393]   --->   Operation 60 'read' 'HwReg_ClampMin' <Predicate = true> <Delay = 0.00>
ST_1 : Operation 61 [1/1] (0.00ns)   --->   "%HwReg_ClipMax = read i12 @_ssdm_op_Read.ap_auto.i12P0A, i12 %ClipMax" [C:/Vulcan/Design_Tool/Board_Demo/VC707/hdmi_output/hdmi_output.runs/bd_d92b_csc_0_synth_1/prj/sol/.autopilot/db/v_csc.cpp:394]   --->   Operation 61 'read' 'HwReg_ClipMax' <Predicate = true> <Delay = 0.00>
ST_1 : Operation 62 [1/1] (0.00ns)   --->   "%HwReg_K11_2 = read i16 @_ssdm_op_Read.ap_auto.i16P0A, i16 %K11_2" [C:/Vulcan/Design_Tool/Board_Demo/VC707/hdmi_output/hdmi_output.runs/bd_d92b_csc_0_synth_1/prj/sol/.autopilot/db/v_csc.cpp:397]   --->   Operation 62 'read' 'HwReg_K11_2' <Predicate = true> <Delay = 0.00>
ST_1 : Operation 63 [1/1] (0.00ns)   --->   "%HwReg_K12_2 = read i16 @_ssdm_op_Read.ap_auto.i16P0A, i16 %K12_2" [C:/Vulcan/Design_Tool/Board_Demo/VC707/hdmi_output/hdmi_output.runs/bd_d92b_csc_0_synth_1/prj/sol/.autopilot/db/v_csc.cpp:398]   --->   Operation 63 'read' 'HwReg_K12_2' <Predicate = true> <Delay = 0.00>
ST_1 : Operation 64 [1/1] (0.00ns)   --->   "%HwReg_K13_2 = read i16 @_ssdm_op_Read.ap_auto.i16P0A, i16 %K13_2" [C:/Vulcan/Design_Tool/Board_Demo/VC707/hdmi_output/hdmi_output.runs/bd_d92b_csc_0_synth_1/prj/sol/.autopilot/db/v_csc.cpp:399]   --->   Operation 64 'read' 'HwReg_K13_2' <Predicate = true> <Delay = 0.00>
ST_1 : Operation 65 [1/1] (0.00ns)   --->   "%HwReg_K21_2 = read i16 @_ssdm_op_Read.ap_auto.i16P0A, i16 %K21_2" [C:/Vulcan/Design_Tool/Board_Demo/VC707/hdmi_output/hdmi_output.runs/bd_d92b_csc_0_synth_1/prj/sol/.autopilot/db/v_csc.cpp:400]   --->   Operation 65 'read' 'HwReg_K21_2' <Predicate = true> <Delay = 0.00>
ST_1 : Operation 66 [1/1] (0.00ns)   --->   "%HwReg_K22_2 = read i16 @_ssdm_op_Read.ap_auto.i16P0A, i16 %K22_2" [C:/Vulcan/Design_Tool/Board_Demo/VC707/hdmi_output/hdmi_output.runs/bd_d92b_csc_0_synth_1/prj/sol/.autopilot/db/v_csc.cpp:401]   --->   Operation 66 'read' 'HwReg_K22_2' <Predicate = true> <Delay = 0.00>
ST_1 : Operation 67 [1/1] (0.00ns)   --->   "%HwReg_K23_2 = read i16 @_ssdm_op_Read.ap_auto.i16P0A, i16 %K23_2" [C:/Vulcan/Design_Tool/Board_Demo/VC707/hdmi_output/hdmi_output.runs/bd_d92b_csc_0_synth_1/prj/sol/.autopilot/db/v_csc.cpp:402]   --->   Operation 67 'read' 'HwReg_K23_2' <Predicate = true> <Delay = 0.00>
ST_1 : Operation 68 [1/1] (0.00ns)   --->   "%HwReg_K31_2 = read i16 @_ssdm_op_Read.ap_auto.i16P0A, i16 %K31_2" [C:/Vulcan/Design_Tool/Board_Demo/VC707/hdmi_output/hdmi_output.runs/bd_d92b_csc_0_synth_1/prj/sol/.autopilot/db/v_csc.cpp:403]   --->   Operation 68 'read' 'HwReg_K31_2' <Predicate = true> <Delay = 0.00>
ST_1 : Operation 69 [1/1] (0.00ns)   --->   "%HwReg_K32_2 = read i16 @_ssdm_op_Read.ap_auto.i16P0A, i16 %K32_2" [C:/Vulcan/Design_Tool/Board_Demo/VC707/hdmi_output/hdmi_output.runs/bd_d92b_csc_0_synth_1/prj/sol/.autopilot/db/v_csc.cpp:404]   --->   Operation 69 'read' 'HwReg_K32_2' <Predicate = true> <Delay = 0.00>
ST_1 : Operation 70 [1/1] (0.00ns)   --->   "%HwReg_K33_2 = read i16 @_ssdm_op_Read.ap_auto.i16P0A, i16 %K33_2" [C:/Vulcan/Design_Tool/Board_Demo/VC707/hdmi_output/hdmi_output.runs/bd_d92b_csc_0_synth_1/prj/sol/.autopilot/db/v_csc.cpp:405]   --->   Operation 70 'read' 'HwReg_K33_2' <Predicate = true> <Delay = 0.00>
ST_1 : Operation 71 [1/1] (0.00ns)   --->   "%HwReg_ROffset_2 = read i14 @_ssdm_op_Read.ap_auto.i14P0A, i14 %ROffset_2" [C:/Vulcan/Design_Tool/Board_Demo/VC707/hdmi_output/hdmi_output.runs/bd_d92b_csc_0_synth_1/prj/sol/.autopilot/db/v_csc.cpp:406]   --->   Operation 71 'read' 'HwReg_ROffset_2' <Predicate = true> <Delay = 0.00>
ST_1 : Operation 72 [1/1] (0.00ns)   --->   "%HwReg_GOffset_2 = read i14 @_ssdm_op_Read.ap_auto.i14P0A, i14 %GOffset_2" [C:/Vulcan/Design_Tool/Board_Demo/VC707/hdmi_output/hdmi_output.runs/bd_d92b_csc_0_synth_1/prj/sol/.autopilot/db/v_csc.cpp:407]   --->   Operation 72 'read' 'HwReg_GOffset_2' <Predicate = true> <Delay = 0.00>
ST_1 : Operation 73 [1/1] (0.00ns)   --->   "%HwReg_BOffset_2 = read i14 @_ssdm_op_Read.ap_auto.i14P0A, i14 %BOffset_2" [C:/Vulcan/Design_Tool/Board_Demo/VC707/hdmi_output/hdmi_output.runs/bd_d92b_csc_0_synth_1/prj/sol/.autopilot/db/v_csc.cpp:408]   --->   Operation 73 'read' 'HwReg_BOffset_2' <Predicate = true> <Delay = 0.00>
ST_1 : Operation 74 [1/1] (0.00ns)   --->   "%HwReg_ClampMin_2 = read i12 @_ssdm_op_Read.ap_auto.i12P0A, i12 %ClampMin_2" [C:/Vulcan/Design_Tool/Board_Demo/VC707/hdmi_output/hdmi_output.runs/bd_d92b_csc_0_synth_1/prj/sol/.autopilot/db/v_csc.cpp:409]   --->   Operation 74 'read' 'HwReg_ClampMin_2' <Predicate = true> <Delay = 0.00>
ST_1 : Operation 75 [1/1] (0.00ns)   --->   "%HwReg_ClipMax_2 = read i12 @_ssdm_op_Read.ap_auto.i12P0A, i12 %ClipMax_2" [C:/Vulcan/Design_Tool/Board_Demo/VC707/hdmi_output/hdmi_output.runs/bd_d92b_csc_0_synth_1/prj/sol/.autopilot/db/v_csc.cpp:410]   --->   Operation 75 'read' 'HwReg_ClipMax_2' <Predicate = true> <Delay = 0.00>
ST_1 : Operation 76 [1/1] (0.00ns)   --->   "%mrv = insertvalue i524 <undef>, i8 %HwReg_InVideoFormat" [C:/Vulcan/Design_Tool/Board_Demo/VC707/hdmi_output/hdmi_output.runs/bd_d92b_csc_0_synth_1/prj/sol/.autopilot/db/v_csc.cpp:369]   --->   Operation 76 'insertvalue' 'mrv' <Predicate = true> <Delay = 0.00>
ST_1 : Operation 77 [1/1] (0.00ns)   --->   "%mrv_1 = insertvalue i524 %mrv, i8 %HwReg_OutVideoFormat" [C:/Vulcan/Design_Tool/Board_Demo/VC707/hdmi_output/hdmi_output.runs/bd_d92b_csc_0_synth_1/prj/sol/.autopilot/db/v_csc.cpp:369]   --->   Operation 77 'insertvalue' 'mrv_1' <Predicate = true> <Delay = 0.00>
ST_1 : Operation 78 [1/1] (0.00ns)   --->   "%mrv_2 = insertvalue i524 %mrv_1, i16 %HwReg_ColStart" [C:/Vulcan/Design_Tool/Board_Demo/VC707/hdmi_output/hdmi_output.runs/bd_d92b_csc_0_synth_1/prj/sol/.autopilot/db/v_csc.cpp:369]   --->   Operation 78 'insertvalue' 'mrv_2' <Predicate = true> <Delay = 0.00>
ST_1 : Operation 79 [1/1] (0.00ns)   --->   "%mrv_3 = insertvalue i524 %mrv_2, i16 %HwReg_ColEnd" [C:/Vulcan/Design_Tool/Board_Demo/VC707/hdmi_output/hdmi_output.runs/bd_d92b_csc_0_synth_1/prj/sol/.autopilot/db/v_csc.cpp:369]   --->   Operation 79 'insertvalue' 'mrv_3' <Predicate = true> <Delay = 0.00>
ST_1 : Operation 80 [1/1] (0.00ns)   --->   "%mrv_4 = insertvalue i524 %mrv_3, i16 %HwReg_RowStart" [C:/Vulcan/Design_Tool/Board_Demo/VC707/hdmi_output/hdmi_output.runs/bd_d92b_csc_0_synth_1/prj/sol/.autopilot/db/v_csc.cpp:369]   --->   Operation 80 'insertvalue' 'mrv_4' <Predicate = true> <Delay = 0.00>
ST_1 : Operation 81 [1/1] (0.00ns)   --->   "%mrv_5 = insertvalue i524 %mrv_4, i16 %HwReg_RowEnd" [C:/Vulcan/Design_Tool/Board_Demo/VC707/hdmi_output/hdmi_output.runs/bd_d92b_csc_0_synth_1/prj/sol/.autopilot/db/v_csc.cpp:369]   --->   Operation 81 'insertvalue' 'mrv_5' <Predicate = true> <Delay = 0.00>
ST_1 : Operation 82 [1/1] (0.00ns)   --->   "%mrv_6 = insertvalue i524 %mrv_5, i16 %HwReg_K11" [C:/Vulcan/Design_Tool/Board_Demo/VC707/hdmi_output/hdmi_output.runs/bd_d92b_csc_0_synth_1/prj/sol/.autopilot/db/v_csc.cpp:369]   --->   Operation 82 'insertvalue' 'mrv_6' <Predicate = true> <Delay = 0.00>
ST_1 : Operation 83 [1/1] (0.00ns)   --->   "%mrv_7 = insertvalue i524 %mrv_6, i16 %HwReg_K12" [C:/Vulcan/Design_Tool/Board_Demo/VC707/hdmi_output/hdmi_output.runs/bd_d92b_csc_0_synth_1/prj/sol/.autopilot/db/v_csc.cpp:369]   --->   Operation 83 'insertvalue' 'mrv_7' <Predicate = true> <Delay = 0.00>
ST_1 : Operation 84 [1/1] (0.00ns)   --->   "%mrv_8 = insertvalue i524 %mrv_7, i16 %HwReg_K13" [C:/Vulcan/Design_Tool/Board_Demo/VC707/hdmi_output/hdmi_output.runs/bd_d92b_csc_0_synth_1/prj/sol/.autopilot/db/v_csc.cpp:369]   --->   Operation 84 'insertvalue' 'mrv_8' <Predicate = true> <Delay = 0.00>
ST_1 : Operation 85 [1/1] (0.00ns)   --->   "%mrv_9 = insertvalue i524 %mrv_8, i16 %HwReg_K21" [C:/Vulcan/Design_Tool/Board_Demo/VC707/hdmi_output/hdmi_output.runs/bd_d92b_csc_0_synth_1/prj/sol/.autopilot/db/v_csc.cpp:369]   --->   Operation 85 'insertvalue' 'mrv_9' <Predicate = true> <Delay = 0.00>
ST_1 : Operation 86 [1/1] (0.00ns)   --->   "%mrv_s = insertvalue i524 %mrv_9, i16 %HwReg_K22" [C:/Vulcan/Design_Tool/Board_Demo/VC707/hdmi_output/hdmi_output.runs/bd_d92b_csc_0_synth_1/prj/sol/.autopilot/db/v_csc.cpp:369]   --->   Operation 86 'insertvalue' 'mrv_s' <Predicate = true> <Delay = 0.00>
ST_1 : Operation 87 [1/1] (0.00ns)   --->   "%mrv_10 = insertvalue i524 %mrv_s, i16 %HwReg_K23" [C:/Vulcan/Design_Tool/Board_Demo/VC707/hdmi_output/hdmi_output.runs/bd_d92b_csc_0_synth_1/prj/sol/.autopilot/db/v_csc.cpp:369]   --->   Operation 87 'insertvalue' 'mrv_10' <Predicate = true> <Delay = 0.00>
ST_1 : Operation 88 [1/1] (0.00ns)   --->   "%mrv_11 = insertvalue i524 %mrv_10, i16 %HwReg_K31" [C:/Vulcan/Design_Tool/Board_Demo/VC707/hdmi_output/hdmi_output.runs/bd_d92b_csc_0_synth_1/prj/sol/.autopilot/db/v_csc.cpp:369]   --->   Operation 88 'insertvalue' 'mrv_11' <Predicate = true> <Delay = 0.00>
ST_1 : Operation 89 [1/1] (0.00ns)   --->   "%mrv_12 = insertvalue i524 %mrv_11, i16 %HwReg_K32" [C:/Vulcan/Design_Tool/Board_Demo/VC707/hdmi_output/hdmi_output.runs/bd_d92b_csc_0_synth_1/prj/sol/.autopilot/db/v_csc.cpp:369]   --->   Operation 89 'insertvalue' 'mrv_12' <Predicate = true> <Delay = 0.00>
ST_1 : Operation 90 [1/1] (0.00ns)   --->   "%mrv_13 = insertvalue i524 %mrv_12, i16 %HwReg_K33" [C:/Vulcan/Design_Tool/Board_Demo/VC707/hdmi_output/hdmi_output.runs/bd_d92b_csc_0_synth_1/prj/sol/.autopilot/db/v_csc.cpp:369]   --->   Operation 90 'insertvalue' 'mrv_13' <Predicate = true> <Delay = 0.00>
ST_1 : Operation 91 [1/1] (0.00ns)   --->   "%mrv_14 = insertvalue i524 %mrv_13, i14 %HwReg_ROffset" [C:/Vulcan/Design_Tool/Board_Demo/VC707/hdmi_output/hdmi_output.runs/bd_d92b_csc_0_synth_1/prj/sol/.autopilot/db/v_csc.cpp:369]   --->   Operation 91 'insertvalue' 'mrv_14' <Predicate = true> <Delay = 0.00>
ST_1 : Operation 92 [1/1] (0.00ns)   --->   "%mrv_15 = insertvalue i524 %mrv_14, i14 %HwReg_GOffset" [C:/Vulcan/Design_Tool/Board_Demo/VC707/hdmi_output/hdmi_output.runs/bd_d92b_csc_0_synth_1/prj/sol/.autopilot/db/v_csc.cpp:369]   --->   Operation 92 'insertvalue' 'mrv_15' <Predicate = true> <Delay = 0.00>
ST_1 : Operation 93 [1/1] (0.00ns)   --->   "%mrv_16 = insertvalue i524 %mrv_15, i14 %HwReg_BOffset" [C:/Vulcan/Design_Tool/Board_Demo/VC707/hdmi_output/hdmi_output.runs/bd_d92b_csc_0_synth_1/prj/sol/.autopilot/db/v_csc.cpp:369]   --->   Operation 93 'insertvalue' 'mrv_16' <Predicate = true> <Delay = 0.00>
ST_1 : Operation 94 [1/1] (0.00ns)   --->   "%mrv_17 = insertvalue i524 %mrv_16, i12 %HwReg_ClampMin" [C:/Vulcan/Design_Tool/Board_Demo/VC707/hdmi_output/hdmi_output.runs/bd_d92b_csc_0_synth_1/prj/sol/.autopilot/db/v_csc.cpp:369]   --->   Operation 94 'insertvalue' 'mrv_17' <Predicate = true> <Delay = 0.00>
ST_1 : Operation 95 [1/1] (0.00ns)   --->   "%mrv_18 = insertvalue i524 %mrv_17, i12 %HwReg_ClipMax" [C:/Vulcan/Design_Tool/Board_Demo/VC707/hdmi_output/hdmi_output.runs/bd_d92b_csc_0_synth_1/prj/sol/.autopilot/db/v_csc.cpp:369]   --->   Operation 95 'insertvalue' 'mrv_18' <Predicate = true> <Delay = 0.00>
ST_1 : Operation 96 [1/1] (0.00ns)   --->   "%mrv_19 = insertvalue i524 %mrv_18, i16 %HwReg_K11_2" [C:/Vulcan/Design_Tool/Board_Demo/VC707/hdmi_output/hdmi_output.runs/bd_d92b_csc_0_synth_1/prj/sol/.autopilot/db/v_csc.cpp:369]   --->   Operation 96 'insertvalue' 'mrv_19' <Predicate = true> <Delay = 0.00>
ST_1 : Operation 97 [1/1] (0.00ns)   --->   "%mrv_20 = insertvalue i524 %mrv_19, i16 %HwReg_K12_2" [C:/Vulcan/Design_Tool/Board_Demo/VC707/hdmi_output/hdmi_output.runs/bd_d92b_csc_0_synth_1/prj/sol/.autopilot/db/v_csc.cpp:369]   --->   Operation 97 'insertvalue' 'mrv_20' <Predicate = true> <Delay = 0.00>
ST_1 : Operation 98 [1/1] (0.00ns)   --->   "%mrv_21 = insertvalue i524 %mrv_20, i16 %HwReg_K13_2" [C:/Vulcan/Design_Tool/Board_Demo/VC707/hdmi_output/hdmi_output.runs/bd_d92b_csc_0_synth_1/prj/sol/.autopilot/db/v_csc.cpp:369]   --->   Operation 98 'insertvalue' 'mrv_21' <Predicate = true> <Delay = 0.00>
ST_1 : Operation 99 [1/1] (0.00ns)   --->   "%mrv_22 = insertvalue i524 %mrv_21, i16 %HwReg_K21_2" [C:/Vulcan/Design_Tool/Board_Demo/VC707/hdmi_output/hdmi_output.runs/bd_d92b_csc_0_synth_1/prj/sol/.autopilot/db/v_csc.cpp:369]   --->   Operation 99 'insertvalue' 'mrv_22' <Predicate = true> <Delay = 0.00>
ST_1 : Operation 100 [1/1] (0.00ns)   --->   "%mrv_23 = insertvalue i524 %mrv_22, i16 %HwReg_K22_2" [C:/Vulcan/Design_Tool/Board_Demo/VC707/hdmi_output/hdmi_output.runs/bd_d92b_csc_0_synth_1/prj/sol/.autopilot/db/v_csc.cpp:369]   --->   Operation 100 'insertvalue' 'mrv_23' <Predicate = true> <Delay = 0.00>
ST_1 : Operation 101 [1/1] (0.00ns)   --->   "%mrv_24 = insertvalue i524 %mrv_23, i16 %HwReg_K23_2" [C:/Vulcan/Design_Tool/Board_Demo/VC707/hdmi_output/hdmi_output.runs/bd_d92b_csc_0_synth_1/prj/sol/.autopilot/db/v_csc.cpp:369]   --->   Operation 101 'insertvalue' 'mrv_24' <Predicate = true> <Delay = 0.00>
ST_1 : Operation 102 [1/1] (0.00ns)   --->   "%mrv_25 = insertvalue i524 %mrv_24, i16 %HwReg_K31_2" [C:/Vulcan/Design_Tool/Board_Demo/VC707/hdmi_output/hdmi_output.runs/bd_d92b_csc_0_synth_1/prj/sol/.autopilot/db/v_csc.cpp:369]   --->   Operation 102 'insertvalue' 'mrv_25' <Predicate = true> <Delay = 0.00>
ST_1 : Operation 103 [1/1] (0.00ns)   --->   "%mrv_26 = insertvalue i524 %mrv_25, i16 %HwReg_K32_2" [C:/Vulcan/Design_Tool/Board_Demo/VC707/hdmi_output/hdmi_output.runs/bd_d92b_csc_0_synth_1/prj/sol/.autopilot/db/v_csc.cpp:369]   --->   Operation 103 'insertvalue' 'mrv_26' <Predicate = true> <Delay = 0.00>
ST_1 : Operation 104 [1/1] (0.00ns)   --->   "%mrv_27 = insertvalue i524 %mrv_26, i16 %HwReg_K33_2" [C:/Vulcan/Design_Tool/Board_Demo/VC707/hdmi_output/hdmi_output.runs/bd_d92b_csc_0_synth_1/prj/sol/.autopilot/db/v_csc.cpp:369]   --->   Operation 104 'insertvalue' 'mrv_27' <Predicate = true> <Delay = 0.00>
ST_1 : Operation 105 [1/1] (0.00ns)   --->   "%mrv_28 = insertvalue i524 %mrv_27, i14 %HwReg_ROffset_2" [C:/Vulcan/Design_Tool/Board_Demo/VC707/hdmi_output/hdmi_output.runs/bd_d92b_csc_0_synth_1/prj/sol/.autopilot/db/v_csc.cpp:369]   --->   Operation 105 'insertvalue' 'mrv_28' <Predicate = true> <Delay = 0.00>
ST_1 : Operation 106 [1/1] (0.00ns)   --->   "%mrv_29 = insertvalue i524 %mrv_28, i14 %HwReg_GOffset_2" [C:/Vulcan/Design_Tool/Board_Demo/VC707/hdmi_output/hdmi_output.runs/bd_d92b_csc_0_synth_1/prj/sol/.autopilot/db/v_csc.cpp:369]   --->   Operation 106 'insertvalue' 'mrv_29' <Predicate = true> <Delay = 0.00>
ST_1 : Operation 107 [1/1] (0.00ns)   --->   "%mrv_30 = insertvalue i524 %mrv_29, i14 %HwReg_BOffset_2" [C:/Vulcan/Design_Tool/Board_Demo/VC707/hdmi_output/hdmi_output.runs/bd_d92b_csc_0_synth_1/prj/sol/.autopilot/db/v_csc.cpp:369]   --->   Operation 107 'insertvalue' 'mrv_30' <Predicate = true> <Delay = 0.00>
ST_1 : Operation 108 [1/1] (0.00ns)   --->   "%mrv_31 = insertvalue i524 %mrv_30, i12 %HwReg_ClampMin_2" [C:/Vulcan/Design_Tool/Board_Demo/VC707/hdmi_output/hdmi_output.runs/bd_d92b_csc_0_synth_1/prj/sol/.autopilot/db/v_csc.cpp:369]   --->   Operation 108 'insertvalue' 'mrv_31' <Predicate = true> <Delay = 0.00>
ST_1 : Operation 109 [1/1] (0.00ns)   --->   "%mrv_32 = insertvalue i524 %mrv_31, i12 %HwReg_ClipMax_2" [C:/Vulcan/Design_Tool/Board_Demo/VC707/hdmi_output/hdmi_output.runs/bd_d92b_csc_0_synth_1/prj/sol/.autopilot/db/v_csc.cpp:369]   --->   Operation 109 'insertvalue' 'mrv_32' <Predicate = true> <Delay = 0.00>
ST_1 : Operation 110 [1/1] (0.00ns)   --->   "%mrv_33 = insertvalue i524 %mrv_32, i12 %HwReg_width_1" [C:/Vulcan/Design_Tool/Board_Demo/VC707/hdmi_output/hdmi_output.runs/bd_d92b_csc_0_synth_1/prj/sol/.autopilot/db/v_csc.cpp:369]   --->   Operation 110 'insertvalue' 'mrv_33' <Predicate = true> <Delay = 0.00>
ST_1 : Operation 111 [1/1] (0.00ns)   --->   "%mrv_34 = insertvalue i524 %mrv_33, i12 %HwReg_height_1" [C:/Vulcan/Design_Tool/Board_Demo/VC707/hdmi_output/hdmi_output.runs/bd_d92b_csc_0_synth_1/prj/sol/.autopilot/db/v_csc.cpp:369]   --->   Operation 111 'insertvalue' 'mrv_34' <Predicate = true> <Delay = 0.00>
ST_1 : Operation 112 [1/1] (0.00ns)   --->   "%ret_ln369 = ret i524 %mrv_34" [C:/Vulcan/Design_Tool/Board_Demo/VC707/hdmi_output/hdmi_output.runs/bd_d92b_csc_0_synth_1/prj/sol/.autopilot/db/v_csc.cpp:369]   --->   Operation 112 'ret' 'ret_ln369' <Predicate = true> <Delay = 0.00>


============================================================
+ Verbose Summary: Binding
============================================================
STG Binding: 
---------------- STG Properties BEGIN ----------------
- Is combinational: 0
- Is one-state seq: 1
- Is datapath-only: 0
- Is pipelined: 0
- Is top level: 0
Port [ Return ] is wired: 1; IO mode=ap_ctrl_hs:ce=0
Port [ InVideoFormat]:  wired=1; compound=0; hidden=0; nouse=0; global=0; static=0; extern=0; dir=0; type=0; pingpong=0; private_global=0; IO mode=ap_none:ce=0
Port [ OutVideoFormat]:  wired=1; compound=0; hidden=0; nouse=0; global=0; static=0; extern=0; dir=0; type=0; pingpong=0; private_global=0; IO mode=ap_none:ce=0
Port [ width]:  wired=1; compound=0; hidden=0; nouse=0; global=0; static=0; extern=0; dir=0; type=0; pingpong=0; private_global=0; IO mode=ap_none:ce=0
Port [ height]:  wired=1; compound=0; hidden=0; nouse=0; global=0; static=0; extern=0; dir=0; type=0; pingpong=0; private_global=0; IO mode=ap_none:ce=0
Port [ ColStart]:  wired=1; compound=0; hidden=0; nouse=0; global=0; static=0; extern=0; dir=0; type=0; pingpong=0; private_global=0; IO mode=ap_none:ce=0
Port [ ColEnd]:  wired=1; compound=0; hidden=0; nouse=0; global=0; static=0; extern=0; dir=0; type=0; pingpong=0; private_global=0; IO mode=ap_none:ce=0
Port [ RowStart]:  wired=1; compound=0; hidden=0; nouse=0; global=0; static=0; extern=0; dir=0; type=0; pingpong=0; private_global=0; IO mode=ap_none:ce=0
Port [ RowEnd]:  wired=1; compound=0; hidden=0; nouse=0; global=0; static=0; extern=0; dir=0; type=0; pingpong=0; private_global=0; IO mode=ap_none:ce=0
Port [ K11]:  wired=1; compound=0; hidden=0; nouse=0; global=0; static=0; extern=0; dir=0; type=0; pingpong=0; private_global=0; IO mode=ap_none:ce=0
Port [ K12]:  wired=1; compound=0; hidden=0; nouse=0; global=0; static=0; extern=0; dir=0; type=0; pingpong=0; private_global=0; IO mode=ap_none:ce=0
Port [ K13]:  wired=1; compound=0; hidden=0; nouse=0; global=0; static=0; extern=0; dir=0; type=0; pingpong=0; private_global=0; IO mode=ap_none:ce=0
Port [ K21]:  wired=1; compound=0; hidden=0; nouse=0; global=0; static=0; extern=0; dir=0; type=0; pingpong=0; private_global=0; IO mode=ap_none:ce=0
Port [ K22]:  wired=1; compound=0; hidden=0; nouse=0; global=0; static=0; extern=0; dir=0; type=0; pingpong=0; private_global=0; IO mode=ap_none:ce=0
Port [ K23]:  wired=1; compound=0; hidden=0; nouse=0; global=0; static=0; extern=0; dir=0; type=0; pingpong=0; private_global=0; IO mode=ap_none:ce=0
Port [ K31]:  wired=1; compound=0; hidden=0; nouse=0; global=0; static=0; extern=0; dir=0; type=0; pingpong=0; private_global=0; IO mode=ap_none:ce=0
Port [ K32]:  wired=1; compound=0; hidden=0; nouse=0; global=0; static=0; extern=0; dir=0; type=0; pingpong=0; private_global=0; IO mode=ap_none:ce=0
Port [ K33]:  wired=1; compound=0; hidden=0; nouse=0; global=0; static=0; extern=0; dir=0; type=0; pingpong=0; private_global=0; IO mode=ap_none:ce=0
Port [ ROffset]:  wired=1; compound=0; hidden=0; nouse=0; global=0; static=0; extern=0; dir=0; type=0; pingpong=0; private_global=0; IO mode=ap_none:ce=0
Port [ GOffset]:  wired=1; compound=0; hidden=0; nouse=0; global=0; static=0; extern=0; dir=0; type=0; pingpong=0; private_global=0; IO mode=ap_none:ce=0
Port [ BOffset]:  wired=1; compound=0; hidden=0; nouse=0; global=0; static=0; extern=0; dir=0; type=0; pingpong=0; private_global=0; IO mode=ap_none:ce=0
Port [ ClampMin]:  wired=1; compound=0; hidden=0; nouse=0; global=0; static=0; extern=0; dir=0; type=0; pingpong=0; private_global=0; IO mode=ap_none:ce=0
Port [ ClipMax]:  wired=1; compound=0; hidden=0; nouse=0; global=0; static=0; extern=0; dir=0; type=0; pingpong=0; private_global=0; IO mode=ap_none:ce=0
Port [ K11_2]:  wired=1; compound=0; hidden=0; nouse=0; global=0; static=0; extern=0; dir=0; type=0; pingpong=0; private_global=0; IO mode=ap_none:ce=0
Port [ K12_2]:  wired=1; compound=0; hidden=0; nouse=0; global=0; static=0; extern=0; dir=0; type=0; pingpong=0; private_global=0; IO mode=ap_none:ce=0
Port [ K13_2]:  wired=1; compound=0; hidden=0; nouse=0; global=0; static=0; extern=0; dir=0; type=0; pingpong=0; private_global=0; IO mode=ap_none:ce=0
Port [ K21_2]:  wired=1; compound=0; hidden=0; nouse=0; global=0; static=0; extern=0; dir=0; type=0; pingpong=0; private_global=0; IO mode=ap_none:ce=0
Port [ K22_2]:  wired=1; compound=0; hidden=0; nouse=0; global=0; static=0; extern=0; dir=0; type=0; pingpong=0; private_global=0; IO mode=ap_none:ce=0
Port [ K23_2]:  wired=1; compound=0; hidden=0; nouse=0; global=0; static=0; extern=0; dir=0; type=0; pingpong=0; private_global=0; IO mode=ap_none:ce=0
Port [ K31_2]:  wired=1; compound=0; hidden=0; nouse=0; global=0; static=0; extern=0; dir=0; type=0; pingpong=0; private_global=0; IO mode=ap_none:ce=0
Port [ K32_2]:  wired=1; compound=0; hidden=0; nouse=0; global=0; static=0; extern=0; dir=0; type=0; pingpong=0; private_global=0; IO mode=ap_none:ce=0
Port [ K33_2]:  wired=1; compound=0; hidden=0; nouse=0; global=0; static=0; extern=0; dir=0; type=0; pingpong=0; private_global=0; IO mode=ap_none:ce=0
Port [ ROffset_2]:  wired=1; compound=0; hidden=0; nouse=0; global=0; static=0; extern=0; dir=0; type=0; pingpong=0; private_global=0; IO mode=ap_none:ce=0
Port [ GOffset_2]:  wired=1; compound=0; hidden=0; nouse=0; global=0; static=0; extern=0; dir=0; type=0; pingpong=0; private_global=0; IO mode=ap_none:ce=0
Port [ BOffset_2]:  wired=1; compound=0; hidden=0; nouse=0; global=0; static=0; extern=0; dir=0; type=0; pingpong=0; private_global=0; IO mode=ap_none:ce=0
Port [ ClampMin_2]:  wired=1; compound=0; hidden=0; nouse=0; global=0; static=0; extern=0; dir=0; type=0; pingpong=0; private_global=0; IO mode=ap_none:ce=0
Port [ ClipMax_2]:  wired=1; compound=0; hidden=0; nouse=0; global=0; static=0; extern=0; dir=0; type=0; pingpong=0; private_global=0; IO mode=ap_none:ce=0
---------------- STG Properties END ------------------

---------------- Datapath Model BEGIN ----------------

<LifeTime>
<method=bitvector/>
specstablecontent_ln0 (specstablecontent) [ 00]
specstablecontent_ln0 (specstablecontent) [ 00]
specstablecontent_ln0 (specstablecontent) [ 00]
specstablecontent_ln0 (specstablecontent) [ 00]
specstablecontent_ln0 (specstablecontent) [ 00]
specstablecontent_ln0 (specstablecontent) [ 00]
specstablecontent_ln0 (specstablecontent) [ 00]
specstablecontent_ln0 (specstablecontent) [ 00]
specstablecontent_ln0 (specstablecontent) [ 00]
specstablecontent_ln0 (specstablecontent) [ 00]
specstablecontent_ln0 (specstablecontent) [ 00]
specstablecontent_ln0 (specstablecontent) [ 00]
specstablecontent_ln0 (specstablecontent) [ 00]
specstablecontent_ln0 (specstablecontent) [ 00]
specstablecontent_ln0 (specstablecontent) [ 00]
specstablecontent_ln0 (specstablecontent) [ 00]
specstablecontent_ln0 (specstablecontent) [ 00]
specstablecontent_ln0 (specstablecontent) [ 00]
specstablecontent_ln0 (specstablecontent) [ 00]
specstablecontent_ln0 (specstablecontent) [ 00]
specstablecontent_ln0 (specstablecontent) [ 00]
specstablecontent_ln0 (specstablecontent) [ 00]
specstablecontent_ln0 (specstablecontent) [ 00]
specstablecontent_ln0 (specstablecontent) [ 00]
specstablecontent_ln0 (specstablecontent) [ 00]
specstablecontent_ln0 (specstablecontent) [ 00]
specstablecontent_ln0 (specstablecontent) [ 00]
specstablecontent_ln0 (specstablecontent) [ 00]
specstablecontent_ln0 (specstablecontent) [ 00]
specstablecontent_ln0 (specstablecontent) [ 00]
specstablecontent_ln0 (specstablecontent) [ 00]
specstablecontent_ln0 (specstablecontent) [ 00]
specstablecontent_ln0 (specstablecontent) [ 00]
specstablecontent_ln0 (specstablecontent) [ 00]
specstablecontent_ln0 (specstablecontent) [ 00]
specstablecontent_ln0 (specstablecontent) [ 00]
HwReg_InVideoFormat   (read             ) [ 00]
HwReg_OutVideoFormat  (read             ) [ 00]
HwReg_width           (read             ) [ 00]
HwReg_width_1         (trunc            ) [ 00]
HwReg_height          (read             ) [ 00]
HwReg_height_1        (trunc            ) [ 00]
HwReg_ColStart        (read             ) [ 00]
HwReg_ColEnd          (read             ) [ 00]
HwReg_RowStart        (read             ) [ 00]
HwReg_RowEnd          (read             ) [ 00]
HwReg_K11             (read             ) [ 00]
HwReg_K12             (read             ) [ 00]
HwReg_K13             (read             ) [ 00]
HwReg_K21             (read             ) [ 00]
HwReg_K22             (read             ) [ 00]
HwReg_K23             (read             ) [ 00]
HwReg_K31             (read             ) [ 00]
HwReg_K32             (read             ) [ 00]
HwReg_K33             (read             ) [ 00]
HwReg_ROffset         (read             ) [ 00]
HwReg_GOffset         (read             ) [ 00]
HwReg_BOffset         (read             ) [ 00]
HwReg_ClampMin        (read             ) [ 00]
HwReg_ClipMax         (read             ) [ 00]
HwReg_K11_2           (read             ) [ 00]
HwReg_K12_2           (read             ) [ 00]
HwReg_K13_2           (read             ) [ 00]
HwReg_K21_2           (read             ) [ 00]
HwReg_K22_2           (read             ) [ 00]
HwReg_K23_2           (read             ) [ 00]
HwReg_K31_2           (read             ) [ 00]
HwReg_K32_2           (read             ) [ 00]
HwReg_K33_2           (read             ) [ 00]
HwReg_ROffset_2       (read             ) [ 00]
HwReg_GOffset_2       (read             ) [ 00]
HwReg_BOffset_2       (read             ) [ 00]
HwReg_ClampMin_2      (read             ) [ 00]
HwReg_ClipMax_2       (read             ) [ 00]
mrv                   (insertvalue      ) [ 00]
mrv_1                 (insertvalue      ) [ 00]
mrv_2                 (insertvalue      ) [ 00]
mrv_3                 (insertvalue      ) [ 00]
mrv_4                 (insertvalue      ) [ 00]
mrv_5                 (insertvalue      ) [ 00]
mrv_6                 (insertvalue      ) [ 00]
mrv_7                 (insertvalue      ) [ 00]
mrv_8                 (insertvalue      ) [ 00]
mrv_9                 (insertvalue      ) [ 00]
mrv_s                 (insertvalue      ) [ 00]
mrv_10                (insertvalue      ) [ 00]
mrv_11                (insertvalue      ) [ 00]
mrv_12                (insertvalue      ) [ 00]
mrv_13                (insertvalue      ) [ 00]
mrv_14                (insertvalue      ) [ 00]
mrv_15                (insertvalue      ) [ 00]
mrv_16                (insertvalue      ) [ 00]
mrv_17                (insertvalue      ) [ 00]
mrv_18                (insertvalue      ) [ 00]
mrv_19                (insertvalue      ) [ 00]
mrv_20                (insertvalue      ) [ 00]
mrv_21                (insertvalue      ) [ 00]
mrv_22                (insertvalue      ) [ 00]
mrv_23                (insertvalue      ) [ 00]
mrv_24                (insertvalue      ) [ 00]
mrv_25                (insertvalue      ) [ 00]
mrv_26                (insertvalue      ) [ 00]
mrv_27                (insertvalue      ) [ 00]
mrv_28                (insertvalue      ) [ 00]
mrv_29                (insertvalue      ) [ 00]
mrv_30                (insertvalue      ) [ 00]
mrv_31                (insertvalue      ) [ 00]
mrv_32                (insertvalue      ) [ 00]
mrv_33                (insertvalue      ) [ 00]
mrv_34                (insertvalue      ) [ 00]
ret_ln369             (ret              ) [ 00]
</LifeTime>

<model>

<comp_list>
<comp id="0" class="1000" name="InVideoFormat">
<pin_list>
<pin id="1" dir="1" index="0" bw="1" slack="0"/>
</pin_list>
<bind>
<StgValue><ssdm name="InVideoFormat"/></StgValue>
</bind>
</comp>

<comp id="2" class="1000" name="OutVideoFormat">
<pin_list>
<pin id="3" dir="1" index="0" bw="1" slack="0"/>
</pin_list>
<bind>
<StgValue><ssdm name="OutVideoFormat"/></StgValue>
</bind>
</comp>

<comp id="4" class="1000" name="width">
<pin_list>
<pin id="5" dir="1" index="0" bw="1" slack="0"/>
</pin_list>
<bind>
<StgValue><ssdm name="width"/></StgValue>
</bind>
</comp>

<comp id="6" class="1000" name="height">
<pin_list>
<pin id="7" dir="1" index="0" bw="1" slack="0"/>
</pin_list>
<bind>
<StgValue><ssdm name="height"/></StgValue>
</bind>
</comp>

<comp id="8" class="1000" name="ColStart">
<pin_list>
<pin id="9" dir="1" index="0" bw="1" slack="0"/>
</pin_list>
<bind>
<StgValue><ssdm name="ColStart"/></StgValue>
</bind>
</comp>

<comp id="10" class="1000" name="ColEnd">
<pin_list>
<pin id="11" dir="1" index="0" bw="1" slack="0"/>
</pin_list>
<bind>
<StgValue><ssdm name="ColEnd"/></StgValue>
</bind>
</comp>

<comp id="12" class="1000" name="RowStart">
<pin_list>
<pin id="13" dir="1" index="0" bw="1" slack="0"/>
</pin_list>
<bind>
<StgValue><ssdm name="RowStart"/></StgValue>
</bind>
</comp>

<comp id="14" class="1000" name="RowEnd">
<pin_list>
<pin id="15" dir="1" index="0" bw="1" slack="0"/>
</pin_list>
<bind>
<StgValue><ssdm name="RowEnd"/></StgValue>
</bind>
</comp>

<comp id="16" class="1000" name="K11">
<pin_list>
<pin id="17" dir="1" index="0" bw="1" slack="0"/>
</pin_list>
<bind>
<StgValue><ssdm name="K11"/></StgValue>
</bind>
</comp>

<comp id="18" class="1000" name="K12">
<pin_list>
<pin id="19" dir="1" index="0" bw="1" slack="0"/>
</pin_list>
<bind>
<StgValue><ssdm name="K12"/></StgValue>
</bind>
</comp>

<comp id="20" class="1000" name="K13">
<pin_list>
<pin id="21" dir="1" index="0" bw="1" slack="0"/>
</pin_list>
<bind>
<StgValue><ssdm name="K13"/></StgValue>
</bind>
</comp>

<comp id="22" class="1000" name="K21">
<pin_list>
<pin id="23" dir="1" index="0" bw="1" slack="0"/>
</pin_list>
<bind>
<StgValue><ssdm name="K21"/></StgValue>
</bind>
</comp>

<comp id="24" class="1000" name="K22">
<pin_list>
<pin id="25" dir="1" index="0" bw="1" slack="0"/>
</pin_list>
<bind>
<StgValue><ssdm name="K22"/></StgValue>
</bind>
</comp>

<comp id="26" class="1000" name="K23">
<pin_list>
<pin id="27" dir="1" index="0" bw="1" slack="0"/>
</pin_list>
<bind>
<StgValue><ssdm name="K23"/></StgValue>
</bind>
</comp>

<comp id="28" class="1000" name="K31">
<pin_list>
<pin id="29" dir="1" index="0" bw="1" slack="0"/>
</pin_list>
<bind>
<StgValue><ssdm name="K31"/></StgValue>
</bind>
</comp>

<comp id="30" class="1000" name="K32">
<pin_list>
<pin id="31" dir="1" index="0" bw="1" slack="0"/>
</pin_list>
<bind>
<StgValue><ssdm name="K32"/></StgValue>
</bind>
</comp>

<comp id="32" class="1000" name="K33">
<pin_list>
<pin id="33" dir="1" index="0" bw="1" slack="0"/>
</pin_list>
<bind>
<StgValue><ssdm name="K33"/></StgValue>
</bind>
</comp>

<comp id="34" class="1000" name="ROffset">
<pin_list>
<pin id="35" dir="1" index="0" bw="1" slack="0"/>
</pin_list>
<bind>
<StgValue><ssdm name="ROffset"/></StgValue>
</bind>
</comp>

<comp id="36" class="1000" name="GOffset">
<pin_list>
<pin id="37" dir="1" index="0" bw="1" slack="0"/>
</pin_list>
<bind>
<StgValue><ssdm name="GOffset"/></StgValue>
</bind>
</comp>

<comp id="38" class="1000" name="BOffset">
<pin_list>
<pin id="39" dir="1" index="0" bw="1" slack="0"/>
</pin_list>
<bind>
<StgValue><ssdm name="BOffset"/></StgValue>
</bind>
</comp>

<comp id="40" class="1000" name="ClampMin">
<pin_list>
<pin id="41" dir="1" index="0" bw="1" slack="0"/>
</pin_list>
<bind>
<StgValue><ssdm name="ClampMin"/></StgValue>
</bind>
</comp>

<comp id="42" class="1000" name="ClipMax">
<pin_list>
<pin id="43" dir="1" index="0" bw="1" slack="0"/>
</pin_list>
<bind>
<StgValue><ssdm name="ClipMax"/></StgValue>
</bind>
</comp>

<comp id="44" class="1000" name="K11_2">
<pin_list>
<pin id="45" dir="1" index="0" bw="1" slack="0"/>
</pin_list>
<bind>
<StgValue><ssdm name="K11_2"/></StgValue>
</bind>
</comp>

<comp id="46" class="1000" name="K12_2">
<pin_list>
<pin id="47" dir="1" index="0" bw="1" slack="0"/>
</pin_list>
<bind>
<StgValue><ssdm name="K12_2"/></StgValue>
</bind>
</comp>

<comp id="48" class="1000" name="K13_2">
<pin_list>
<pin id="49" dir="1" index="0" bw="1" slack="0"/>
</pin_list>
<bind>
<StgValue><ssdm name="K13_2"/></StgValue>
</bind>
</comp>

<comp id="50" class="1000" name="K21_2">
<pin_list>
<pin id="51" dir="1" index="0" bw="1" slack="0"/>
</pin_list>
<bind>
<StgValue><ssdm name="K21_2"/></StgValue>
</bind>
</comp>

<comp id="52" class="1000" name="K22_2">
<pin_list>
<pin id="53" dir="1" index="0" bw="1" slack="0"/>
</pin_list>
<bind>
<StgValue><ssdm name="K22_2"/></StgValue>
</bind>
</comp>

<comp id="54" class="1000" name="K23_2">
<pin_list>
<pin id="55" dir="1" index="0" bw="1" slack="0"/>
</pin_list>
<bind>
<StgValue><ssdm name="K23_2"/></StgValue>
</bind>
</comp>

<comp id="56" class="1000" name="K31_2">
<pin_list>
<pin id="57" dir="1" index="0" bw="1" slack="0"/>
</pin_list>
<bind>
<StgValue><ssdm name="K31_2"/></StgValue>
</bind>
</comp>

<comp id="58" class="1000" name="K32_2">
<pin_list>
<pin id="59" dir="1" index="0" bw="1" slack="0"/>
</pin_list>
<bind>
<StgValue><ssdm name="K32_2"/></StgValue>
</bind>
</comp>

<comp id="60" class="1000" name="K33_2">
<pin_list>
<pin id="61" dir="1" index="0" bw="1" slack="0"/>
</pin_list>
<bind>
<StgValue><ssdm name="K33_2"/></StgValue>
</bind>
</comp>

<comp id="62" class="1000" name="ROffset_2">
<pin_list>
<pin id="63" dir="1" index="0" bw="1" slack="0"/>
</pin_list>
<bind>
<StgValue><ssdm name="ROffset_2"/></StgValue>
</bind>
</comp>

<comp id="64" class="1000" name="GOffset_2">
<pin_list>
<pin id="65" dir="1" index="0" bw="1" slack="0"/>
</pin_list>
<bind>
<StgValue><ssdm name="GOffset_2"/></StgValue>
</bind>
</comp>

<comp id="66" class="1000" name="BOffset_2">
<pin_list>
<pin id="67" dir="1" index="0" bw="1" slack="0"/>
</pin_list>
<bind>
<StgValue><ssdm name="BOffset_2"/></StgValue>
</bind>
</comp>

<comp id="68" class="1000" name="ClampMin_2">
<pin_list>
<pin id="69" dir="1" index="0" bw="1" slack="0"/>
</pin_list>
<bind>
<StgValue><ssdm name="ClampMin_2"/></StgValue>
</bind>
</comp>

<comp id="70" class="1000" name="ClipMax_2">
<pin_list>
<pin id="71" dir="1" index="0" bw="1" slack="0"/>
</pin_list>
<bind>
<StgValue><ssdm name="ClipMax_2"/></StgValue>
</bind>
</comp>

<comp id="72" class="1001" name="const_72">
<pin_list>
<pin id="73" dir="1" index="0" bw="1" slack="2147483647"/>
</pin_list>
<bind>
<StgValue><ssdm name="_ssdm_op_SpecStableContent"/></StgValue>
</bind>
</comp>

<comp id="74" class="1001" name="const_74">
<pin_list>
<pin id="75" dir="1" index="0" bw="1" slack="2147483647"/>
</pin_list>
<bind>
<StgValue><ssdm name=""/></StgValue>
</bind>
</comp>

<comp id="76" class="1001" name="const_76">
<pin_list>
<pin id="77" dir="1" index="0" bw="1" slack="0"/>
</pin_list>
<bind>
<StgValue><ssdm name="_ssdm_op_Read.ap_auto.i8P0A"/></StgValue>
</bind>
</comp>

<comp id="78" class="1001" name="const_78">
<pin_list>
<pin id="79" dir="1" index="0" bw="1" slack="0"/>
</pin_list>
<bind>
<StgValue><ssdm name="_ssdm_op_Read.ap_auto.i16P0A"/></StgValue>
</bind>
</comp>

<comp id="80" class="1001" name="const_80">
<pin_list>
<pin id="81" dir="1" index="0" bw="1" slack="0"/>
</pin_list>
<bind>
<StgValue><ssdm name="_ssdm_op_Read.ap_auto.i14P0A"/></StgValue>
</bind>
</comp>

<comp id="82" class="1001" name="const_82">
<pin_list>
<pin id="83" dir="1" index="0" bw="1" slack="0"/>
</pin_list>
<bind>
<StgValue><ssdm name="_ssdm_op_Read.ap_auto.i12P0A"/></StgValue>
</bind>
</comp>

<comp id="84" class="1001" name="const_84">
<pin_list>
<pin id="85" dir="1" index="0" bw="1" slack="0"/>
</pin_list>
<bind>
<StgValue><ssdm name=""/></StgValue>
</bind>
</comp>

<comp id="86" class="1004" name="HwReg_InVideoFormat_read_fu_86">
<pin_list>
<pin id="87" dir="0" index="0" bw="8" slack="0"/>
<pin id="88" dir="0" index="1" bw="8" slack="0"/>
<pin id="89" dir="1" index="2" bw="8" slack="0"/>
</pin_list>
<bind>
<opcode="read(1150) " fcode="read"/>
<opset="HwReg_InVideoFormat/1 "/>
</bind>
</comp>

<comp id="92" class="1004" name="HwReg_OutVideoFormat_read_fu_92">
<pin_list>
<pin id="93" dir="0" index="0" bw="8" slack="0"/>
<pin id="94" dir="0" index="1" bw="8" slack="0"/>
<pin id="95" dir="1" index="2" bw="8" slack="0"/>
</pin_list>
<bind>
<opcode="read(1150) " fcode="read"/>
<opset="HwReg_OutVideoFormat/1 "/>
</bind>
</comp>

<comp id="98" class="1004" name="HwReg_width_read_fu_98">
<pin_list>
<pin id="99" dir="0" index="0" bw="16" slack="0"/>
<pin id="100" dir="0" index="1" bw="16" slack="0"/>
<pin id="101" dir="1" index="2" bw="16" slack="0"/>
</pin_list>
<bind>
<opcode="read(1150) " fcode="read"/>
<opset="HwReg_width/1 "/>
</bind>
</comp>

<comp id="104" class="1004" name="HwReg_height_read_fu_104">
<pin_list>
<pin id="105" dir="0" index="0" bw="16" slack="0"/>
<pin id="106" dir="0" index="1" bw="16" slack="0"/>
<pin id="107" dir="1" index="2" bw="16" slack="0"/>
</pin_list>
<bind>
<opcode="read(1150) " fcode="read"/>
<opset="HwReg_height/1 "/>
</bind>
</comp>

<comp id="110" class="1004" name="HwReg_ColStart_read_fu_110">
<pin_list>
<pin id="111" dir="0" index="0" bw="16" slack="0"/>
<pin id="112" dir="0" index="1" bw="16" slack="0"/>
<pin id="113" dir="1" index="2" bw="16" slack="0"/>
</pin_list>
<bind>
<opcode="read(1150) " fcode="read"/>
<opset="HwReg_ColStart/1 "/>
</bind>
</comp>

<comp id="116" class="1004" name="HwReg_ColEnd_read_fu_116">
<pin_list>
<pin id="117" dir="0" index="0" bw="16" slack="0"/>
<pin id="118" dir="0" index="1" bw="16" slack="0"/>
<pin id="119" dir="1" index="2" bw="16" slack="0"/>
</pin_list>
<bind>
<opcode="read(1150) " fcode="read"/>
<opset="HwReg_ColEnd/1 "/>
</bind>
</comp>

<comp id="122" class="1004" name="HwReg_RowStart_read_fu_122">
<pin_list>
<pin id="123" dir="0" index="0" bw="16" slack="0"/>
<pin id="124" dir="0" index="1" bw="16" slack="0"/>
<pin id="125" dir="1" index="2" bw="16" slack="0"/>
</pin_list>
<bind>
<opcode="read(1150) " fcode="read"/>
<opset="HwReg_RowStart/1 "/>
</bind>
</comp>

<comp id="128" class="1004" name="HwReg_RowEnd_read_fu_128">
<pin_list>
<pin id="129" dir="0" index="0" bw="16" slack="0"/>
<pin id="130" dir="0" index="1" bw="16" slack="0"/>
<pin id="131" dir="1" index="2" bw="16" slack="0"/>
</pin_list>
<bind>
<opcode="read(1150) " fcode="read"/>
<opset="HwReg_RowEnd/1 "/>
</bind>
</comp>

<comp id="134" class="1004" name="HwReg_K11_read_fu_134">
<pin_list>
<pin id="135" dir="0" index="0" bw="16" slack="0"/>
<pin id="136" dir="0" index="1" bw="16" slack="0"/>
<pin id="137" dir="1" index="2" bw="16" slack="0"/>
</pin_list>
<bind>
<opcode="read(1150) " fcode="read"/>
<opset="HwReg_K11/1 "/>
</bind>
</comp>

<comp id="140" class="1004" name="HwReg_K12_read_fu_140">
<pin_list>
<pin id="141" dir="0" index="0" bw="16" slack="0"/>
<pin id="142" dir="0" index="1" bw="16" slack="0"/>
<pin id="143" dir="1" index="2" bw="16" slack="0"/>
</pin_list>
<bind>
<opcode="read(1150) " fcode="read"/>
<opset="HwReg_K12/1 "/>
</bind>
</comp>

<comp id="146" class="1004" name="HwReg_K13_read_fu_146">
<pin_list>
<pin id="147" dir="0" index="0" bw="16" slack="0"/>
<pin id="148" dir="0" index="1" bw="16" slack="0"/>
<pin id="149" dir="1" index="2" bw="16" slack="0"/>
</pin_list>
<bind>
<opcode="read(1150) " fcode="read"/>
<opset="HwReg_K13/1 "/>
</bind>
</comp>

<comp id="152" class="1004" name="HwReg_K21_read_fu_152">
<pin_list>
<pin id="153" dir="0" index="0" bw="16" slack="0"/>
<pin id="154" dir="0" index="1" bw="16" slack="0"/>
<pin id="155" dir="1" index="2" bw="16" slack="0"/>
</pin_list>
<bind>
<opcode="read(1150) " fcode="read"/>
<opset="HwReg_K21/1 "/>
</bind>
</comp>

<comp id="158" class="1004" name="HwReg_K22_read_fu_158">
<pin_list>
<pin id="159" dir="0" index="0" bw="16" slack="0"/>
<pin id="160" dir="0" index="1" bw="16" slack="0"/>
<pin id="161" dir="1" index="2" bw="16" slack="0"/>
</pin_list>
<bind>
<opcode="read(1150) " fcode="read"/>
<opset="HwReg_K22/1 "/>
</bind>
</comp>

<comp id="164" class="1004" name="HwReg_K23_read_fu_164">
<pin_list>
<pin id="165" dir="0" index="0" bw="16" slack="0"/>
<pin id="166" dir="0" index="1" bw="16" slack="0"/>
<pin id="167" dir="1" index="2" bw="16" slack="0"/>
</pin_list>
<bind>
<opcode="read(1150) " fcode="read"/>
<opset="HwReg_K23/1 "/>
</bind>
</comp>

<comp id="170" class="1004" name="HwReg_K31_read_fu_170">
<pin_list>
<pin id="171" dir="0" index="0" bw="16" slack="0"/>
<pin id="172" dir="0" index="1" bw="16" slack="0"/>
<pin id="173" dir="1" index="2" bw="16" slack="0"/>
</pin_list>
<bind>
<opcode="read(1150) " fcode="read"/>
<opset="HwReg_K31/1 "/>
</bind>
</comp>

<comp id="176" class="1004" name="HwReg_K32_read_fu_176">
<pin_list>
<pin id="177" dir="0" index="0" bw="16" slack="0"/>
<pin id="178" dir="0" index="1" bw="16" slack="0"/>
<pin id="179" dir="1" index="2" bw="16" slack="0"/>
</pin_list>
<bind>
<opcode="read(1150) " fcode="read"/>
<opset="HwReg_K32/1 "/>
</bind>
</comp>

<comp id="182" class="1004" name="HwReg_K33_read_fu_182">
<pin_list>
<pin id="183" dir="0" index="0" bw="16" slack="0"/>
<pin id="184" dir="0" index="1" bw="16" slack="0"/>
<pin id="185" dir="1" index="2" bw="16" slack="0"/>
</pin_list>
<bind>
<opcode="read(1150) " fcode="read"/>
<opset="HwReg_K33/1 "/>
</bind>
</comp>

<comp id="188" class="1004" name="HwReg_ROffset_read_fu_188">
<pin_list>
<pin id="189" dir="0" index="0" bw="14" slack="0"/>
<pin id="190" dir="0" index="1" bw="14" slack="0"/>
<pin id="191" dir="1" index="2" bw="14" slack="0"/>
</pin_list>
<bind>
<opcode="read(1150) " fcode="read"/>
<opset="HwReg_ROffset/1 "/>
</bind>
</comp>

<comp id="194" class="1004" name="HwReg_GOffset_read_fu_194">
<pin_list>
<pin id="195" dir="0" index="0" bw="14" slack="0"/>
<pin id="196" dir="0" index="1" bw="14" slack="0"/>
<pin id="197" dir="1" index="2" bw="14" slack="0"/>
</pin_list>
<bind>
<opcode="read(1150) " fcode="read"/>
<opset="HwReg_GOffset/1 "/>
</bind>
</comp>

<comp id="200" class="1004" name="HwReg_BOffset_read_fu_200">
<pin_list>
<pin id="201" dir="0" index="0" bw="14" slack="0"/>
<pin id="202" dir="0" index="1" bw="14" slack="0"/>
<pin id="203" dir="1" index="2" bw="14" slack="0"/>
</pin_list>
<bind>
<opcode="read(1150) " fcode="read"/>
<opset="HwReg_BOffset/1 "/>
</bind>
</comp>

<comp id="206" class="1004" name="HwReg_ClampMin_read_fu_206">
<pin_list>
<pin id="207" dir="0" index="0" bw="12" slack="0"/>
<pin id="208" dir="0" index="1" bw="12" slack="0"/>
<pin id="209" dir="1" index="2" bw="12" slack="0"/>
</pin_list>
<bind>
<opcode="read(1150) " fcode="read"/>
<opset="HwReg_ClampMin/1 "/>
</bind>
</comp>

<comp id="212" class="1004" name="HwReg_ClipMax_read_fu_212">
<pin_list>
<pin id="213" dir="0" index="0" bw="12" slack="0"/>
<pin id="214" dir="0" index="1" bw="12" slack="0"/>
<pin id="215" dir="1" index="2" bw="12" slack="0"/>
</pin_list>
<bind>
<opcode="read(1150) " fcode="read"/>
<opset="HwReg_ClipMax/1 "/>
</bind>
</comp>

<comp id="218" class="1004" name="HwReg_K11_2_read_fu_218">
<pin_list>
<pin id="219" dir="0" index="0" bw="16" slack="0"/>
<pin id="220" dir="0" index="1" bw="16" slack="0"/>
<pin id="221" dir="1" index="2" bw="16" slack="0"/>
</pin_list>
<bind>
<opcode="read(1150) " fcode="read"/>
<opset="HwReg_K11_2/1 "/>
</bind>
</comp>

<comp id="224" class="1004" name="HwReg_K12_2_read_fu_224">
<pin_list>
<pin id="225" dir="0" index="0" bw="16" slack="0"/>
<pin id="226" dir="0" index="1" bw="16" slack="0"/>
<pin id="227" dir="1" index="2" bw="16" slack="0"/>
</pin_list>
<bind>
<opcode="read(1150) " fcode="read"/>
<opset="HwReg_K12_2/1 "/>
</bind>
</comp>

<comp id="230" class="1004" name="HwReg_K13_2_read_fu_230">
<pin_list>
<pin id="231" dir="0" index="0" bw="16" slack="0"/>
<pin id="232" dir="0" index="1" bw="16" slack="0"/>
<pin id="233" dir="1" index="2" bw="16" slack="0"/>
</pin_list>
<bind>
<opcode="read(1150) " fcode="read"/>
<opset="HwReg_K13_2/1 "/>
</bind>
</comp>

<comp id="236" class="1004" name="HwReg_K21_2_read_fu_236">
<pin_list>
<pin id="237" dir="0" index="0" bw="16" slack="0"/>
<pin id="238" dir="0" index="1" bw="16" slack="0"/>
<pin id="239" dir="1" index="2" bw="16" slack="0"/>
</pin_list>
<bind>
<opcode="read(1150) " fcode="read"/>
<opset="HwReg_K21_2/1 "/>
</bind>
</comp>

<comp id="242" class="1004" name="HwReg_K22_2_read_fu_242">
<pin_list>
<pin id="243" dir="0" index="0" bw="16" slack="0"/>
<pin id="244" dir="0" index="1" bw="16" slack="0"/>
<pin id="245" dir="1" index="2" bw="16" slack="0"/>
</pin_list>
<bind>
<opcode="read(1150) " fcode="read"/>
<opset="HwReg_K22_2/1 "/>
</bind>
</comp>

<comp id="248" class="1004" name="HwReg_K23_2_read_fu_248">
<pin_list>
<pin id="249" dir="0" index="0" bw="16" slack="0"/>
<pin id="250" dir="0" index="1" bw="16" slack="0"/>
<pin id="251" dir="1" index="2" bw="16" slack="0"/>
</pin_list>
<bind>
<opcode="read(1150) " fcode="read"/>
<opset="HwReg_K23_2/1 "/>
</bind>
</comp>

<comp id="254" class="1004" name="HwReg_K31_2_read_fu_254">
<pin_list>
<pin id="255" dir="0" index="0" bw="16" slack="0"/>
<pin id="256" dir="0" index="1" bw="16" slack="0"/>
<pin id="257" dir="1" index="2" bw="16" slack="0"/>
</pin_list>
<bind>
<opcode="read(1150) " fcode="read"/>
<opset="HwReg_K31_2/1 "/>
</bind>
</comp>

<comp id="260" class="1004" name="HwReg_K32_2_read_fu_260">
<pin_list>
<pin id="261" dir="0" index="0" bw="16" slack="0"/>
<pin id="262" dir="0" index="1" bw="16" slack="0"/>
<pin id="263" dir="1" index="2" bw="16" slack="0"/>
</pin_list>
<bind>
<opcode="read(1150) " fcode="read"/>
<opset="HwReg_K32_2/1 "/>
</bind>
</comp>

<comp id="266" class="1004" name="HwReg_K33_2_read_fu_266">
<pin_list>
<pin id="267" dir="0" index="0" bw="16" slack="0"/>
<pin id="268" dir="0" index="1" bw="16" slack="0"/>
<pin id="269" dir="1" index="2" bw="16" slack="0"/>
</pin_list>
<bind>
<opcode="read(1150) " fcode="read"/>
<opset="HwReg_K33_2/1 "/>
</bind>
</comp>

<comp id="272" class="1004" name="HwReg_ROffset_2_read_fu_272">
<pin_list>
<pin id="273" dir="0" index="0" bw="14" slack="0"/>
<pin id="274" dir="0" index="1" bw="14" slack="0"/>
<pin id="275" dir="1" index="2" bw="14" slack="0"/>
</pin_list>
<bind>
<opcode="read(1150) " fcode="read"/>
<opset="HwReg_ROffset_2/1 "/>
</bind>
</comp>

<comp id="278" class="1004" name="HwReg_GOffset_2_read_fu_278">
<pin_list>
<pin id="279" dir="0" index="0" bw="14" slack="0"/>
<pin id="280" dir="0" index="1" bw="14" slack="0"/>
<pin id="281" dir="1" index="2" bw="14" slack="0"/>
</pin_list>
<bind>
<opcode="read(1150) " fcode="read"/>
<opset="HwReg_GOffset_2/1 "/>
</bind>
</comp>

<comp id="284" class="1004" name="HwReg_BOffset_2_read_fu_284">
<pin_list>
<pin id="285" dir="0" index="0" bw="14" slack="0"/>
<pin id="286" dir="0" index="1" bw="14" slack="0"/>
<pin id="287" dir="1" index="2" bw="14" slack="0"/>
</pin_list>
<bind>
<opcode="read(1150) " fcode="read"/>
<opset="HwReg_BOffset_2/1 "/>
</bind>
</comp>

<comp id="290" class="1004" name="HwReg_ClampMin_2_read_fu_290">
<pin_list>
<pin id="291" dir="0" index="0" bw="12" slack="0"/>
<pin id="292" dir="0" index="1" bw="12" slack="0"/>
<pin id="293" dir="1" index="2" bw="12" slack="0"/>
</pin_list>
<bind>
<opcode="read(1150) " fcode="read"/>
<opset="HwReg_ClampMin_2/1 "/>
</bind>
</comp>

<comp id="296" class="1004" name="HwReg_ClipMax_2_read_fu_296">
<pin_list>
<pin id="297" dir="0" index="0" bw="12" slack="0"/>
<pin id="298" dir="0" index="1" bw="12" slack="0"/>
<pin id="299" dir="1" index="2" bw="12" slack="0"/>
</pin_list>
<bind>
<opcode="read(1150) " fcode="read"/>
<opset="HwReg_ClipMax_2/1 "/>
</bind>
</comp>

<comp id="302" class="1004" name="HwReg_width_1_fu_302">
<pin_list>
<pin id="303" dir="0" index="0" bw="16" slack="0"/>
<pin id="304" dir="1" index="1" bw="12" slack="0"/>
</pin_list>
<bind>
<opcode="trunc(33) " fcode="trunc"/>
<opset="HwReg_width_1/1 "/>
</bind>
</comp>

<comp id="306" class="1004" name="HwReg_height_1_fu_306">
<pin_list>
<pin id="307" dir="0" index="0" bw="16" slack="0"/>
<pin id="308" dir="1" index="1" bw="12" slack="0"/>
</pin_list>
<bind>
<opcode="trunc(33) " fcode="trunc"/>
<opset="HwReg_height_1/1 "/>
</bind>
</comp>

<comp id="310" class="1004" name="mrv_fu_310">
<pin_list>
<pin id="311" dir="0" index="0" bw="524" slack="0"/>
<pin id="312" dir="0" index="1" bw="8" slack="0"/>
<pin id="313" dir="1" index="2" bw="524" slack="0"/>
</pin_list>
<bind>
<opcode="insertvalue(57) " fcode="insertvalue"/>
<opset="mrv/1 "/>
</bind>
</comp>

<comp id="316" class="1004" name="mrv_1_fu_316">
<pin_list>
<pin id="317" dir="0" index="0" bw="524" slack="0"/>
<pin id="318" dir="0" index="1" bw="8" slack="0"/>
<pin id="319" dir="1" index="2" bw="524" slack="0"/>
</pin_list>
<bind>
<opcode="insertvalue(57) " fcode="insertvalue"/>
<opset="mrv_1/1 "/>
</bind>
</comp>

<comp id="322" class="1004" name="mrv_2_fu_322">
<pin_list>
<pin id="323" dir="0" index="0" bw="524" slack="0"/>
<pin id="324" dir="0" index="1" bw="16" slack="0"/>
<pin id="325" dir="1" index="2" bw="524" slack="0"/>
</pin_list>
<bind>
<opcode="insertvalue(57) " fcode="insertvalue"/>
<opset="mrv_2/1 "/>
</bind>
</comp>

<comp id="328" class="1004" name="mrv_3_fu_328">
<pin_list>
<pin id="329" dir="0" index="0" bw="524" slack="0"/>
<pin id="330" dir="0" index="1" bw="16" slack="0"/>
<pin id="331" dir="1" index="2" bw="524" slack="0"/>
</pin_list>
<bind>
<opcode="insertvalue(57) " fcode="insertvalue"/>
<opset="mrv_3/1 "/>
</bind>
</comp>

<comp id="334" class="1004" name="mrv_4_fu_334">
<pin_list>
<pin id="335" dir="0" index="0" bw="524" slack="0"/>
<pin id="336" dir="0" index="1" bw="16" slack="0"/>
<pin id="337" dir="1" index="2" bw="524" slack="0"/>
</pin_list>
<bind>
<opcode="insertvalue(57) " fcode="insertvalue"/>
<opset="mrv_4/1 "/>
</bind>
</comp>

<comp id="340" class="1004" name="mrv_5_fu_340">
<pin_list>
<pin id="341" dir="0" index="0" bw="524" slack="0"/>
<pin id="342" dir="0" index="1" bw="16" slack="0"/>
<pin id="343" dir="1" index="2" bw="524" slack="0"/>
</pin_list>
<bind>
<opcode="insertvalue(57) " fcode="insertvalue"/>
<opset="mrv_5/1 "/>
</bind>
</comp>

<comp id="346" class="1004" name="mrv_6_fu_346">
<pin_list>
<pin id="347" dir="0" index="0" bw="524" slack="0"/>
<pin id="348" dir="0" index="1" bw="16" slack="0"/>
<pin id="349" dir="1" index="2" bw="524" slack="0"/>
</pin_list>
<bind>
<opcode="insertvalue(57) " fcode="insertvalue"/>
<opset="mrv_6/1 "/>
</bind>
</comp>

<comp id="352" class="1004" name="mrv_7_fu_352">
<pin_list>
<pin id="353" dir="0" index="0" bw="524" slack="0"/>
<pin id="354" dir="0" index="1" bw="16" slack="0"/>
<pin id="355" dir="1" index="2" bw="524" slack="0"/>
</pin_list>
<bind>
<opcode="insertvalue(57) " fcode="insertvalue"/>
<opset="mrv_7/1 "/>
</bind>
</comp>

<comp id="358" class="1004" name="mrv_8_fu_358">
<pin_list>
<pin id="359" dir="0" index="0" bw="524" slack="0"/>
<pin id="360" dir="0" index="1" bw="16" slack="0"/>
<pin id="361" dir="1" index="2" bw="524" slack="0"/>
</pin_list>
<bind>
<opcode="insertvalue(57) " fcode="insertvalue"/>
<opset="mrv_8/1 "/>
</bind>
</comp>

<comp id="364" class="1004" name="mrv_9_fu_364">
<pin_list>
<pin id="365" dir="0" index="0" bw="524" slack="0"/>
<pin id="366" dir="0" index="1" bw="16" slack="0"/>
<pin id="367" dir="1" index="2" bw="524" slack="0"/>
</pin_list>
<bind>
<opcode="insertvalue(57) " fcode="insertvalue"/>
<opset="mrv_9/1 "/>
</bind>
</comp>

<comp id="370" class="1004" name="mrv_s_fu_370">
<pin_list>
<pin id="371" dir="0" index="0" bw="524" slack="0"/>
<pin id="372" dir="0" index="1" bw="16" slack="0"/>
<pin id="373" dir="1" index="2" bw="524" slack="0"/>
</pin_list>
<bind>
<opcode="insertvalue(57) " fcode="insertvalue"/>
<opset="mrv_s/1 "/>
</bind>
</comp>

<comp id="376" class="1004" name="mrv_10_fu_376">
<pin_list>
<pin id="377" dir="0" index="0" bw="524" slack="0"/>
<pin id="378" dir="0" index="1" bw="16" slack="0"/>
<pin id="379" dir="1" index="2" bw="524" slack="0"/>
</pin_list>
<bind>
<opcode="insertvalue(57) " fcode="insertvalue"/>
<opset="mrv_10/1 "/>
</bind>
</comp>

<comp id="382" class="1004" name="mrv_11_fu_382">
<pin_list>
<pin id="383" dir="0" index="0" bw="524" slack="0"/>
<pin id="384" dir="0" index="1" bw="16" slack="0"/>
<pin id="385" dir="1" index="2" bw="524" slack="0"/>
</pin_list>
<bind>
<opcode="insertvalue(57) " fcode="insertvalue"/>
<opset="mrv_11/1 "/>
</bind>
</comp>

<comp id="388" class="1004" name="mrv_12_fu_388">
<pin_list>
<pin id="389" dir="0" index="0" bw="524" slack="0"/>
<pin id="390" dir="0" index="1" bw="16" slack="0"/>
<pin id="391" dir="1" index="2" bw="524" slack="0"/>
</pin_list>
<bind>
<opcode="insertvalue(57) " fcode="insertvalue"/>
<opset="mrv_12/1 "/>
</bind>
</comp>

<comp id="394" class="1004" name="mrv_13_fu_394">
<pin_list>
<pin id="395" dir="0" index="0" bw="524" slack="0"/>
<pin id="396" dir="0" index="1" bw="16" slack="0"/>
<pin id="397" dir="1" index="2" bw="524" slack="0"/>
</pin_list>
<bind>
<opcode="insertvalue(57) " fcode="insertvalue"/>
<opset="mrv_13/1 "/>
</bind>
</comp>

<comp id="400" class="1004" name="mrv_14_fu_400">
<pin_list>
<pin id="401" dir="0" index="0" bw="524" slack="0"/>
<pin id="402" dir="0" index="1" bw="14" slack="0"/>
<pin id="403" dir="1" index="2" bw="524" slack="0"/>
</pin_list>
<bind>
<opcode="insertvalue(57) " fcode="insertvalue"/>
<opset="mrv_14/1 "/>
</bind>
</comp>

<comp id="406" class="1004" name="mrv_15_fu_406">
<pin_list>
<pin id="407" dir="0" index="0" bw="524" slack="0"/>
<pin id="408" dir="0" index="1" bw="14" slack="0"/>
<pin id="409" dir="1" index="2" bw="524" slack="0"/>
</pin_list>
<bind>
<opcode="insertvalue(57) " fcode="insertvalue"/>
<opset="mrv_15/1 "/>
</bind>
</comp>

<comp id="412" class="1004" name="mrv_16_fu_412">
<pin_list>
<pin id="413" dir="0" index="0" bw="524" slack="0"/>
<pin id="414" dir="0" index="1" bw="14" slack="0"/>
<pin id="415" dir="1" index="2" bw="524" slack="0"/>
</pin_list>
<bind>
<opcode="insertvalue(57) " fcode="insertvalue"/>
<opset="mrv_16/1 "/>
</bind>
</comp>

<comp id="418" class="1004" name="mrv_17_fu_418">
<pin_list>
<pin id="419" dir="0" index="0" bw="524" slack="0"/>
<pin id="420" dir="0" index="1" bw="12" slack="0"/>
<pin id="421" dir="1" index="2" bw="524" slack="0"/>
</pin_list>
<bind>
<opcode="insertvalue(57) " fcode="insertvalue"/>
<opset="mrv_17/1 "/>
</bind>
</comp>

<comp id="424" class="1004" name="mrv_18_fu_424">
<pin_list>
<pin id="425" dir="0" index="0" bw="524" slack="0"/>
<pin id="426" dir="0" index="1" bw="12" slack="0"/>
<pin id="427" dir="1" index="2" bw="524" slack="0"/>
</pin_list>
<bind>
<opcode="insertvalue(57) " fcode="insertvalue"/>
<opset="mrv_18/1 "/>
</bind>
</comp>

<comp id="430" class="1004" name="mrv_19_fu_430">
<pin_list>
<pin id="431" dir="0" index="0" bw="524" slack="0"/>
<pin id="432" dir="0" index="1" bw="16" slack="0"/>
<pin id="433" dir="1" index="2" bw="524" slack="0"/>
</pin_list>
<bind>
<opcode="insertvalue(57) " fcode="insertvalue"/>
<opset="mrv_19/1 "/>
</bind>
</comp>

<comp id="436" class="1004" name="mrv_20_fu_436">
<pin_list>
<pin id="437" dir="0" index="0" bw="524" slack="0"/>
<pin id="438" dir="0" index="1" bw="16" slack="0"/>
<pin id="439" dir="1" index="2" bw="524" slack="0"/>
</pin_list>
<bind>
<opcode="insertvalue(57) " fcode="insertvalue"/>
<opset="mrv_20/1 "/>
</bind>
</comp>

<comp id="442" class="1004" name="mrv_21_fu_442">
<pin_list>
<pin id="443" dir="0" index="0" bw="524" slack="0"/>
<pin id="444" dir="0" index="1" bw="16" slack="0"/>
<pin id="445" dir="1" index="2" bw="524" slack="0"/>
</pin_list>
<bind>
<opcode="insertvalue(57) " fcode="insertvalue"/>
<opset="mrv_21/1 "/>
</bind>
</comp>

<comp id="448" class="1004" name="mrv_22_fu_448">
<pin_list>
<pin id="449" dir="0" index="0" bw="524" slack="0"/>
<pin id="450" dir="0" index="1" bw="16" slack="0"/>
<pin id="451" dir="1" index="2" bw="524" slack="0"/>
</pin_list>
<bind>
<opcode="insertvalue(57) " fcode="insertvalue"/>
<opset="mrv_22/1 "/>
</bind>
</comp>

<comp id="454" class="1004" name="mrv_23_fu_454">
<pin_list>
<pin id="455" dir="0" index="0" bw="524" slack="0"/>
<pin id="456" dir="0" index="1" bw="16" slack="0"/>
<pin id="457" dir="1" index="2" bw="524" slack="0"/>
</pin_list>
<bind>
<opcode="insertvalue(57) " fcode="insertvalue"/>
<opset="mrv_23/1 "/>
</bind>
</comp>

<comp id="460" class="1004" name="mrv_24_fu_460">
<pin_list>
<pin id="461" dir="0" index="0" bw="524" slack="0"/>
<pin id="462" dir="0" index="1" bw="16" slack="0"/>
<pin id="463" dir="1" index="2" bw="524" slack="0"/>
</pin_list>
<bind>
<opcode="insertvalue(57) " fcode="insertvalue"/>
<opset="mrv_24/1 "/>
</bind>
</comp>

<comp id="466" class="1004" name="mrv_25_fu_466">
<pin_list>
<pin id="467" dir="0" index="0" bw="524" slack="0"/>
<pin id="468" dir="0" index="1" bw="16" slack="0"/>
<pin id="469" dir="1" index="2" bw="524" slack="0"/>
</pin_list>
<bind>
<opcode="insertvalue(57) " fcode="insertvalue"/>
<opset="mrv_25/1 "/>
</bind>
</comp>

<comp id="472" class="1004" name="mrv_26_fu_472">
<pin_list>
<pin id="473" dir="0" index="0" bw="524" slack="0"/>
<pin id="474" dir="0" index="1" bw="16" slack="0"/>
<pin id="475" dir="1" index="2" bw="524" slack="0"/>
</pin_list>
<bind>
<opcode="insertvalue(57) " fcode="insertvalue"/>
<opset="mrv_26/1 "/>
</bind>
</comp>

<comp id="478" class="1004" name="mrv_27_fu_478">
<pin_list>
<pin id="479" dir="0" index="0" bw="524" slack="0"/>
<pin id="480" dir="0" index="1" bw="16" slack="0"/>
<pin id="481" dir="1" index="2" bw="524" slack="0"/>
</pin_list>
<bind>
<opcode="insertvalue(57) " fcode="insertvalue"/>
<opset="mrv_27/1 "/>
</bind>
</comp>

<comp id="484" class="1004" name="mrv_28_fu_484">
<pin_list>
<pin id="485" dir="0" index="0" bw="524" slack="0"/>
<pin id="486" dir="0" index="1" bw="14" slack="0"/>
<pin id="487" dir="1" index="2" bw="524" slack="0"/>
</pin_list>
<bind>
<opcode="insertvalue(57) " fcode="insertvalue"/>
<opset="mrv_28/1 "/>
</bind>
</comp>

<comp id="490" class="1004" name="mrv_29_fu_490">
<pin_list>
<pin id="491" dir="0" index="0" bw="524" slack="0"/>
<pin id="492" dir="0" index="1" bw="14" slack="0"/>
<pin id="493" dir="1" index="2" bw="524" slack="0"/>
</pin_list>
<bind>
<opcode="insertvalue(57) " fcode="insertvalue"/>
<opset="mrv_29/1 "/>
</bind>
</comp>

<comp id="496" class="1004" name="mrv_30_fu_496">
<pin_list>
<pin id="497" dir="0" index="0" bw="524" slack="0"/>
<pin id="498" dir="0" index="1" bw="14" slack="0"/>
<pin id="499" dir="1" index="2" bw="524" slack="0"/>
</pin_list>
<bind>
<opcode="insertvalue(57) " fcode="insertvalue"/>
<opset="mrv_30/1 "/>
</bind>
</comp>

<comp id="502" class="1004" name="mrv_31_fu_502">
<pin_list>
<pin id="503" dir="0" index="0" bw="524" slack="0"/>
<pin id="504" dir="0" index="1" bw="12" slack="0"/>
<pin id="505" dir="1" index="2" bw="524" slack="0"/>
</pin_list>
<bind>
<opcode="insertvalue(57) " fcode="insertvalue"/>
<opset="mrv_31/1 "/>
</bind>
</comp>

<comp id="508" class="1004" name="mrv_32_fu_508">
<pin_list>
<pin id="509" dir="0" index="0" bw="524" slack="0"/>
<pin id="510" dir="0" index="1" bw="12" slack="0"/>
<pin id="511" dir="1" index="2" bw="524" slack="0"/>
</pin_list>
<bind>
<opcode="insertvalue(57) " fcode="insertvalue"/>
<opset="mrv_32/1 "/>
</bind>
</comp>

<comp id="514" class="1004" name="mrv_33_fu_514">
<pin_list>
<pin id="515" dir="0" index="0" bw="524" slack="0"/>
<pin id="516" dir="0" index="1" bw="12" slack="0"/>
<pin id="517" dir="1" index="2" bw="524" slack="0"/>
</pin_list>
<bind>
<opcode="insertvalue(57) " fcode="insertvalue"/>
<opset="mrv_33/1 "/>
</bind>
</comp>

<comp id="520" class="1004" name="mrv_34_fu_520">
<pin_list>
<pin id="521" dir="0" index="0" bw="524" slack="0"/>
<pin id="522" dir="0" index="1" bw="12" slack="0"/>
<pin id="523" dir="1" index="2" bw="524" slack="2147483647"/>
</pin_list>
<bind>
<opcode="insertvalue(57) " fcode="insertvalue"/>
<opset="mrv_34/1 "/>
</bind>
</comp>

</comp_list>

<net_list>
<net id="90"><net_src comp="76" pin="0"/><net_sink comp="86" pin=0"/></net>

<net id="91"><net_src comp="0" pin="0"/><net_sink comp="86" pin=1"/></net>

<net id="96"><net_src comp="76" pin="0"/><net_sink comp="92" pin=0"/></net>

<net id="97"><net_src comp="2" pin="0"/><net_sink comp="92" pin=1"/></net>

<net id="102"><net_src comp="78" pin="0"/><net_sink comp="98" pin=0"/></net>

<net id="103"><net_src comp="4" pin="0"/><net_sink comp="98" pin=1"/></net>

<net id="108"><net_src comp="78" pin="0"/><net_sink comp="104" pin=0"/></net>

<net id="109"><net_src comp="6" pin="0"/><net_sink comp="104" pin=1"/></net>

<net id="114"><net_src comp="78" pin="0"/><net_sink comp="110" pin=0"/></net>

<net id="115"><net_src comp="8" pin="0"/><net_sink comp="110" pin=1"/></net>

<net id="120"><net_src comp="78" pin="0"/><net_sink comp="116" pin=0"/></net>

<net id="121"><net_src comp="10" pin="0"/><net_sink comp="116" pin=1"/></net>

<net id="126"><net_src comp="78" pin="0"/><net_sink comp="122" pin=0"/></net>

<net id="127"><net_src comp="12" pin="0"/><net_sink comp="122" pin=1"/></net>

<net id="132"><net_src comp="78" pin="0"/><net_sink comp="128" pin=0"/></net>

<net id="133"><net_src comp="14" pin="0"/><net_sink comp="128" pin=1"/></net>

<net id="138"><net_src comp="78" pin="0"/><net_sink comp="134" pin=0"/></net>

<net id="139"><net_src comp="16" pin="0"/><net_sink comp="134" pin=1"/></net>

<net id="144"><net_src comp="78" pin="0"/><net_sink comp="140" pin=0"/></net>

<net id="145"><net_src comp="18" pin="0"/><net_sink comp="140" pin=1"/></net>

<net id="150"><net_src comp="78" pin="0"/><net_sink comp="146" pin=0"/></net>

<net id="151"><net_src comp="20" pin="0"/><net_sink comp="146" pin=1"/></net>

<net id="156"><net_src comp="78" pin="0"/><net_sink comp="152" pin=0"/></net>

<net id="157"><net_src comp="22" pin="0"/><net_sink comp="152" pin=1"/></net>

<net id="162"><net_src comp="78" pin="0"/><net_sink comp="158" pin=0"/></net>

<net id="163"><net_src comp="24" pin="0"/><net_sink comp="158" pin=1"/></net>

<net id="168"><net_src comp="78" pin="0"/><net_sink comp="164" pin=0"/></net>

<net id="169"><net_src comp="26" pin="0"/><net_sink comp="164" pin=1"/></net>

<net id="174"><net_src comp="78" pin="0"/><net_sink comp="170" pin=0"/></net>

<net id="175"><net_src comp="28" pin="0"/><net_sink comp="170" pin=1"/></net>

<net id="180"><net_src comp="78" pin="0"/><net_sink comp="176" pin=0"/></net>

<net id="181"><net_src comp="30" pin="0"/><net_sink comp="176" pin=1"/></net>

<net id="186"><net_src comp="78" pin="0"/><net_sink comp="182" pin=0"/></net>

<net id="187"><net_src comp="32" pin="0"/><net_sink comp="182" pin=1"/></net>

<net id="192"><net_src comp="80" pin="0"/><net_sink comp="188" pin=0"/></net>

<net id="193"><net_src comp="34" pin="0"/><net_sink comp="188" pin=1"/></net>

<net id="198"><net_src comp="80" pin="0"/><net_sink comp="194" pin=0"/></net>

<net id="199"><net_src comp="36" pin="0"/><net_sink comp="194" pin=1"/></net>

<net id="204"><net_src comp="80" pin="0"/><net_sink comp="200" pin=0"/></net>

<net id="205"><net_src comp="38" pin="0"/><net_sink comp="200" pin=1"/></net>

<net id="210"><net_src comp="82" pin="0"/><net_sink comp="206" pin=0"/></net>

<net id="211"><net_src comp="40" pin="0"/><net_sink comp="206" pin=1"/></net>

<net id="216"><net_src comp="82" pin="0"/><net_sink comp="212" pin=0"/></net>

<net id="217"><net_src comp="42" pin="0"/><net_sink comp="212" pin=1"/></net>

<net id="222"><net_src comp="78" pin="0"/><net_sink comp="218" pin=0"/></net>

<net id="223"><net_src comp="44" pin="0"/><net_sink comp="218" pin=1"/></net>

<net id="228"><net_src comp="78" pin="0"/><net_sink comp="224" pin=0"/></net>

<net id="229"><net_src comp="46" pin="0"/><net_sink comp="224" pin=1"/></net>

<net id="234"><net_src comp="78" pin="0"/><net_sink comp="230" pin=0"/></net>

<net id="235"><net_src comp="48" pin="0"/><net_sink comp="230" pin=1"/></net>

<net id="240"><net_src comp="78" pin="0"/><net_sink comp="236" pin=0"/></net>

<net id="241"><net_src comp="50" pin="0"/><net_sink comp="236" pin=1"/></net>

<net id="246"><net_src comp="78" pin="0"/><net_sink comp="242" pin=0"/></net>

<net id="247"><net_src comp="52" pin="0"/><net_sink comp="242" pin=1"/></net>

<net id="252"><net_src comp="78" pin="0"/><net_sink comp="248" pin=0"/></net>

<net id="253"><net_src comp="54" pin="0"/><net_sink comp="248" pin=1"/></net>

<net id="258"><net_src comp="78" pin="0"/><net_sink comp="254" pin=0"/></net>

<net id="259"><net_src comp="56" pin="0"/><net_sink comp="254" pin=1"/></net>

<net id="264"><net_src comp="78" pin="0"/><net_sink comp="260" pin=0"/></net>

<net id="265"><net_src comp="58" pin="0"/><net_sink comp="260" pin=1"/></net>

<net id="270"><net_src comp="78" pin="0"/><net_sink comp="266" pin=0"/></net>

<net id="271"><net_src comp="60" pin="0"/><net_sink comp="266" pin=1"/></net>

<net id="276"><net_src comp="80" pin="0"/><net_sink comp="272" pin=0"/></net>

<net id="277"><net_src comp="62" pin="0"/><net_sink comp="272" pin=1"/></net>

<net id="282"><net_src comp="80" pin="0"/><net_sink comp="278" pin=0"/></net>

<net id="283"><net_src comp="64" pin="0"/><net_sink comp="278" pin=1"/></net>

<net id="288"><net_src comp="80" pin="0"/><net_sink comp="284" pin=0"/></net>

<net id="289"><net_src comp="66" pin="0"/><net_sink comp="284" pin=1"/></net>

<net id="294"><net_src comp="82" pin="0"/><net_sink comp="290" pin=0"/></net>

<net id="295"><net_src comp="68" pin="0"/><net_sink comp="290" pin=1"/></net>

<net id="300"><net_src comp="82" pin="0"/><net_sink comp="296" pin=0"/></net>

<net id="301"><net_src comp="70" pin="0"/><net_sink comp="296" pin=1"/></net>

<net id="305"><net_src comp="98" pin="2"/><net_sink comp="302" pin=0"/></net>

<net id="309"><net_src comp="104" pin="2"/><net_sink comp="306" pin=0"/></net>

<net id="314"><net_src comp="84" pin="0"/><net_sink comp="310" pin=0"/></net>

<net id="315"><net_src comp="86" pin="2"/><net_sink comp="310" pin=1"/></net>

<net id="320"><net_src comp="310" pin="2"/><net_sink comp="316" pin=0"/></net>

<net id="321"><net_src comp="92" pin="2"/><net_sink comp="316" pin=1"/></net>

<net id="326"><net_src comp="316" pin="2"/><net_sink comp="322" pin=0"/></net>

<net id="327"><net_src comp="110" pin="2"/><net_sink comp="322" pin=1"/></net>

<net id="332"><net_src comp="322" pin="2"/><net_sink comp="328" pin=0"/></net>

<net id="333"><net_src comp="116" pin="2"/><net_sink comp="328" pin=1"/></net>

<net id="338"><net_src comp="328" pin="2"/><net_sink comp="334" pin=0"/></net>

<net id="339"><net_src comp="122" pin="2"/><net_sink comp="334" pin=1"/></net>

<net id="344"><net_src comp="334" pin="2"/><net_sink comp="340" pin=0"/></net>

<net id="345"><net_src comp="128" pin="2"/><net_sink comp="340" pin=1"/></net>

<net id="350"><net_src comp="340" pin="2"/><net_sink comp="346" pin=0"/></net>

<net id="351"><net_src comp="134" pin="2"/><net_sink comp="346" pin=1"/></net>

<net id="356"><net_src comp="346" pin="2"/><net_sink comp="352" pin=0"/></net>

<net id="357"><net_src comp="140" pin="2"/><net_sink comp="352" pin=1"/></net>

<net id="362"><net_src comp="352" pin="2"/><net_sink comp="358" pin=0"/></net>

<net id="363"><net_src comp="146" pin="2"/><net_sink comp="358" pin=1"/></net>

<net id="368"><net_src comp="358" pin="2"/><net_sink comp="364" pin=0"/></net>

<net id="369"><net_src comp="152" pin="2"/><net_sink comp="364" pin=1"/></net>

<net id="374"><net_src comp="364" pin="2"/><net_sink comp="370" pin=0"/></net>

<net id="375"><net_src comp="158" pin="2"/><net_sink comp="370" pin=1"/></net>

<net id="380"><net_src comp="370" pin="2"/><net_sink comp="376" pin=0"/></net>

<net id="381"><net_src comp="164" pin="2"/><net_sink comp="376" pin=1"/></net>

<net id="386"><net_src comp="376" pin="2"/><net_sink comp="382" pin=0"/></net>

<net id="387"><net_src comp="170" pin="2"/><net_sink comp="382" pin=1"/></net>

<net id="392"><net_src comp="382" pin="2"/><net_sink comp="388" pin=0"/></net>

<net id="393"><net_src comp="176" pin="2"/><net_sink comp="388" pin=1"/></net>

<net id="398"><net_src comp="388" pin="2"/><net_sink comp="394" pin=0"/></net>

<net id="399"><net_src comp="182" pin="2"/><net_sink comp="394" pin=1"/></net>

<net id="404"><net_src comp="394" pin="2"/><net_sink comp="400" pin=0"/></net>

<net id="405"><net_src comp="188" pin="2"/><net_sink comp="400" pin=1"/></net>

<net id="410"><net_src comp="400" pin="2"/><net_sink comp="406" pin=0"/></net>

<net id="411"><net_src comp="194" pin="2"/><net_sink comp="406" pin=1"/></net>

<net id="416"><net_src comp="406" pin="2"/><net_sink comp="412" pin=0"/></net>

<net id="417"><net_src comp="200" pin="2"/><net_sink comp="412" pin=1"/></net>

<net id="422"><net_src comp="412" pin="2"/><net_sink comp="418" pin=0"/></net>

<net id="423"><net_src comp="206" pin="2"/><net_sink comp="418" pin=1"/></net>

<net id="428"><net_src comp="418" pin="2"/><net_sink comp="424" pin=0"/></net>

<net id="429"><net_src comp="212" pin="2"/><net_sink comp="424" pin=1"/></net>

<net id="434"><net_src comp="424" pin="2"/><net_sink comp="430" pin=0"/></net>

<net id="435"><net_src comp="218" pin="2"/><net_sink comp="430" pin=1"/></net>

<net id="440"><net_src comp="430" pin="2"/><net_sink comp="436" pin=0"/></net>

<net id="441"><net_src comp="224" pin="2"/><net_sink comp="436" pin=1"/></net>

<net id="446"><net_src comp="436" pin="2"/><net_sink comp="442" pin=0"/></net>

<net id="447"><net_src comp="230" pin="2"/><net_sink comp="442" pin=1"/></net>

<net id="452"><net_src comp="442" pin="2"/><net_sink comp="448" pin=0"/></net>

<net id="453"><net_src comp="236" pin="2"/><net_sink comp="448" pin=1"/></net>

<net id="458"><net_src comp="448" pin="2"/><net_sink comp="454" pin=0"/></net>

<net id="459"><net_src comp="242" pin="2"/><net_sink comp="454" pin=1"/></net>

<net id="464"><net_src comp="454" pin="2"/><net_sink comp="460" pin=0"/></net>

<net id="465"><net_src comp="248" pin="2"/><net_sink comp="460" pin=1"/></net>

<net id="470"><net_src comp="460" pin="2"/><net_sink comp="466" pin=0"/></net>

<net id="471"><net_src comp="254" pin="2"/><net_sink comp="466" pin=1"/></net>

<net id="476"><net_src comp="466" pin="2"/><net_sink comp="472" pin=0"/></net>

<net id="477"><net_src comp="260" pin="2"/><net_sink comp="472" pin=1"/></net>

<net id="482"><net_src comp="472" pin="2"/><net_sink comp="478" pin=0"/></net>

<net id="483"><net_src comp="266" pin="2"/><net_sink comp="478" pin=1"/></net>

<net id="488"><net_src comp="478" pin="2"/><net_sink comp="484" pin=0"/></net>

<net id="489"><net_src comp="272" pin="2"/><net_sink comp="484" pin=1"/></net>

<net id="494"><net_src comp="484" pin="2"/><net_sink comp="490" pin=0"/></net>

<net id="495"><net_src comp="278" pin="2"/><net_sink comp="490" pin=1"/></net>

<net id="500"><net_src comp="490" pin="2"/><net_sink comp="496" pin=0"/></net>

<net id="501"><net_src comp="284" pin="2"/><net_sink comp="496" pin=1"/></net>

<net id="506"><net_src comp="496" pin="2"/><net_sink comp="502" pin=0"/></net>

<net id="507"><net_src comp="290" pin="2"/><net_sink comp="502" pin=1"/></net>

<net id="512"><net_src comp="502" pin="2"/><net_sink comp="508" pin=0"/></net>

<net id="513"><net_src comp="296" pin="2"/><net_sink comp="508" pin=1"/></net>

<net id="518"><net_src comp="508" pin="2"/><net_sink comp="514" pin=0"/></net>

<net id="519"><net_src comp="302" pin="1"/><net_sink comp="514" pin=1"/></net>

<net id="524"><net_src comp="514" pin="2"/><net_sink comp="520" pin=0"/></net>

<net id="525"><net_src comp="306" pin="1"/><net_sink comp="520" pin=1"/></net>

</net_list>

</model> 
---------------- Datapath Model END ------------------

* FSMD analyzer results:
  - Output states:
 - Input state : 
	Port: Block_entry3_proc : InVideoFormat | {1 }
	Port: Block_entry3_proc : OutVideoFormat | {1 }
	Port: Block_entry3_proc : width | {1 }
	Port: Block_entry3_proc : height | {1 }
	Port: Block_entry3_proc : ColStart | {1 }
	Port: Block_entry3_proc : ColEnd | {1 }
	Port: Block_entry3_proc : RowStart | {1 }
	Port: Block_entry3_proc : RowEnd | {1 }
	Port: Block_entry3_proc : K11 | {1 }
	Port: Block_entry3_proc : K12 | {1 }
	Port: Block_entry3_proc : K13 | {1 }
	Port: Block_entry3_proc : K21 | {1 }
	Port: Block_entry3_proc : K22 | {1 }
	Port: Block_entry3_proc : K23 | {1 }
	Port: Block_entry3_proc : K31 | {1 }
	Port: Block_entry3_proc : K32 | {1 }
	Port: Block_entry3_proc : K33 | {1 }
	Port: Block_entry3_proc : ROffset | {1 }
	Port: Block_entry3_proc : GOffset | {1 }
	Port: Block_entry3_proc : BOffset | {1 }
	Port: Block_entry3_proc : ClampMin | {1 }
	Port: Block_entry3_proc : ClipMax | {1 }
	Port: Block_entry3_proc : K11_2 | {1 }
	Port: Block_entry3_proc : K12_2 | {1 }
	Port: Block_entry3_proc : K13_2 | {1 }
	Port: Block_entry3_proc : K21_2 | {1 }
	Port: Block_entry3_proc : K22_2 | {1 }
	Port: Block_entry3_proc : K23_2 | {1 }
	Port: Block_entry3_proc : K31_2 | {1 }
	Port: Block_entry3_proc : K32_2 | {1 }
	Port: Block_entry3_proc : K33_2 | {1 }
	Port: Block_entry3_proc : ROffset_2 | {1 }
	Port: Block_entry3_proc : GOffset_2 | {1 }
	Port: Block_entry3_proc : BOffset_2 | {1 }
	Port: Block_entry3_proc : ClampMin_2 | {1 }
	Port: Block_entry3_proc : ClipMax_2 | {1 }
  - Chain level:
	State 1
		mrv_1 : 1
		mrv_2 : 2
		mrv_3 : 3
		mrv_4 : 4
		mrv_5 : 5
		mrv_6 : 6
		mrv_7 : 7
		mrv_8 : 8
		mrv_9 : 9
		mrv_s : 10
		mrv_10 : 11
		mrv_11 : 12
		mrv_12 : 13
		mrv_13 : 14
		mrv_14 : 15
		mrv_15 : 16
		mrv_16 : 17
		mrv_17 : 18
		mrv_18 : 19
		mrv_19 : 20
		mrv_20 : 21
		mrv_21 : 22
		mrv_22 : 23
		mrv_23 : 24
		mrv_24 : 25
		mrv_25 : 26
		mrv_26 : 27
		mrv_27 : 28
		mrv_28 : 29
		mrv_29 : 30
		mrv_30 : 31
		mrv_31 : 32
		mrv_32 : 33
		mrv_33 : 34
		mrv_34 : 35
		ret_ln369 : 36


============================================================
+ Verbose Summary: Datapath Resource usage 
============================================================

* Functional unit list:
|----------|---------------------------------|
| Operation|         Functional Unit         |
|----------|---------------------------------|
|          |  HwReg_InVideoFormat_read_fu_86 |
|          | HwReg_OutVideoFormat_read_fu_92 |
|          |      HwReg_width_read_fu_98     |
|          |     HwReg_height_read_fu_104    |
|          |    HwReg_ColStart_read_fu_110   |
|          |     HwReg_ColEnd_read_fu_116    |
|          |    HwReg_RowStart_read_fu_122   |
|          |     HwReg_RowEnd_read_fu_128    |
|          |      HwReg_K11_read_fu_134      |
|          |      HwReg_K12_read_fu_140      |
|          |      HwReg_K13_read_fu_146      |
|          |      HwReg_K21_read_fu_152      |
|          |      HwReg_K22_read_fu_158      |
|          |      HwReg_K23_read_fu_164      |
|          |      HwReg_K31_read_fu_170      |
|          |      HwReg_K32_read_fu_176      |
|          |      HwReg_K33_read_fu_182      |
|   read   |    HwReg_ROffset_read_fu_188    |
|          |    HwReg_GOffset_read_fu_194    |
|          |    HwReg_BOffset_read_fu_200    |
|          |    HwReg_ClampMin_read_fu_206   |
|          |    HwReg_ClipMax_read_fu_212    |
|          |     HwReg_K11_2_read_fu_218     |
|          |     HwReg_K12_2_read_fu_224     |
|          |     HwReg_K13_2_read_fu_230     |
|          |     HwReg_K21_2_read_fu_236     |
|          |     HwReg_K22_2_read_fu_242     |
|          |     HwReg_K23_2_read_fu_248     |
|          |     HwReg_K31_2_read_fu_254     |
|          |     HwReg_K32_2_read_fu_260     |
|          |     HwReg_K33_2_read_fu_266     |
|          |   HwReg_ROffset_2_read_fu_272   |
|          |   HwReg_GOffset_2_read_fu_278   |
|          |   HwReg_BOffset_2_read_fu_284   |
|          |   HwReg_ClampMin_2_read_fu_290  |
|          |   HwReg_ClipMax_2_read_fu_296   |
|----------|---------------------------------|
|   trunc  |       HwReg_width_1_fu_302      |
|          |      HwReg_height_1_fu_306      |
|----------|---------------------------------|
|          |            mrv_fu_310           |
|          |           mrv_1_fu_316          |
|          |           mrv_2_fu_322          |
|          |           mrv_3_fu_328          |
|          |           mrv_4_fu_334          |
|          |           mrv_5_fu_340          |
|          |           mrv_6_fu_346          |
|          |           mrv_7_fu_352          |
|          |           mrv_8_fu_358          |
|          |           mrv_9_fu_364          |
|          |           mrv_s_fu_370          |
|          |          mrv_10_fu_376          |
|          |          mrv_11_fu_382          |
|          |          mrv_12_fu_388          |
|          |          mrv_13_fu_394          |
|          |          mrv_14_fu_400          |
|          |          mrv_15_fu_406          |
|insertvalue|          mrv_16_fu_412          |
|          |          mrv_17_fu_418          |
|          |          mrv_18_fu_424          |
|          |          mrv_19_fu_430          |
|          |          mrv_20_fu_436          |
|          |          mrv_21_fu_442          |
|          |          mrv_22_fu_448          |
|          |          mrv_23_fu_454          |
|          |          mrv_24_fu_460          |
|          |          mrv_25_fu_466          |
|          |          mrv_26_fu_472          |
|          |          mrv_27_fu_478          |
|          |          mrv_28_fu_484          |
|          |          mrv_29_fu_490          |
|          |          mrv_30_fu_496          |
|          |          mrv_31_fu_502          |
|          |          mrv_32_fu_508          |
|          |          mrv_33_fu_514          |
|          |          mrv_34_fu_520          |
|----------|---------------------------------|
|   Total  |                                 |
|----------|---------------------------------|

Memories:
N/A

* Register list:
N/A

* Multiplexer (MUX) list: 
|--------|------|------|------|--------|
|  Comp  |  Pin | Size |  BW  | S x BW |
|--------|------|------|------|--------|
|  Total |      |      |      |    0   |
|--------|------|------|------|--------|



* Summary:
+-----------+
|           |
+-----------+
|  Function |
|   Memory  |
|Multiplexer|
|  Register |
+-----------+
|   Total   |
+-----------+
